Archive member included to satisfy reference by file (symbol)

.\CortexM3\ARM_GCC_541\Debug\PROJ-H402.a(CyLib.o)
                              .\CortexM3\ARM_GCC_541\Debug\Cm3Start.o (CyHalt)
.\CortexM3\ARM_GCC_541\Debug\PROJ-H402.a(cyPm.o)
                              .\CortexM3\ARM_GCC_541\Debug\PROJ-H402.a(CyLib.o) (CyPmReadStatus)
.\CortexM3\ARM_GCC_541\Debug\PROJ-H402.a(Pin_3.o)
                              .\CortexM3\ARM_GCC_541\Debug\main.o (Pin_3_Write)
.\CortexM3\ARM_GCC_541\Debug\PROJ-H402.a(Pin_2.o)
                              .\CortexM3\ARM_GCC_541\Debug\main.o (Pin_2_Write)
.\CortexM3\ARM_GCC_541\Debug\PROJ-H402.a(Pin_1.o)
                              .\CortexM3\ARM_GCC_541\Debug\main.o (Pin_1_Write)
.\CortexM3\ARM_GCC_541\Debug\PROJ-H402.a(Pin_4.o)
                              .\CortexM3\ARM_GCC_541\Debug\main.o (Pin_4_Write)
.\CortexM3\ARM_GCC_541\Debug\PROJ-H402.a(StepperMotorTimer.o)
                              .\CortexM3\ARM_GCC_541\Debug\main.o (StepperMotorTimer_ReadStatusRegister)
.\CortexM3\ARM_GCC_541\Debug\PROJ-H402.a(PWM.o)
                              .\CortexM3\ARM_GCC_541\Debug\main.o (PWM_WriteCompare)
.\CortexM3\ARM_GCC_541\Debug\PROJ-H402.a(SW1.o)
                              .\CortexM3\ARM_GCC_541\Debug\main.o (SW1_Read)
.\CortexM3\ARM_GCC_541\Debug\PROJ-H402.a(SW2.o)
                              .\CortexM3\ARM_GCC_541\Debug\main.o (SW2_Read)
.\CortexM3\ARM_GCC_541\Debug\PROJ-H402.a(CyBootAsmGnu.o)
                              .\CortexM3\ARM_GCC_541\Debug\cyfitter_cfg.o (CyDelayCycles)
.\CortexM3\ARM_GCC_541\Debug\PROJ-H402.a(CyFlash.o)
                              .\CortexM3\ARM_GCC_541\Debug\PROJ-H402.a(cyPm.o) (CyFlash_SetWaitCycles)
.\CortexM3\ARM_GCC_541\Debug\PROJ-H402.a(CySpc.o)
                              .\CortexM3\ARM_GCC_541\Debug\PROJ-H402.a(CyFlash.o) (CySpcStart)
c:/program files (x86)/cypress/psoc creator/4.4/psoc creator/import/gnu/arm/5.4.1/bin/../lib/gcc/arm-none-eabi/5.4.1/armv7-m\libgcc.a(_arm_addsubdf3.o)
                              .\CortexM3\ARM_GCC_541\Debug\main.o (__aeabi_i2d)
c:/program files (x86)/cypress/psoc creator/4.4/psoc creator/import/gnu/arm/5.4.1/bin/../lib/gcc/arm-none-eabi/5.4.1/armv7-m\libgcc.a(_arm_muldivdf3.o)
                              .\CortexM3\ARM_GCC_541\Debug\main.o (__aeabi_dmul)
c:/program files (x86)/cypress/psoc creator/4.4/psoc creator/import/gnu/arm/5.4.1/bin/../lib/gcc/arm-none-eabi/5.4.1/armv7-m\libgcc.a(_arm_fixdfsi.o)
                              .\CortexM3\ARM_GCC_541\Debug\main.o (__aeabi_d2iz)
c:/program files (x86)/cypress/psoc creator/4.4/psoc creator/import/gnu/arm/5.4.1/bin/../lib/gcc/arm-none-eabi/5.4.1/../../../../arm-none-eabi/lib/armv7-m\libg_nano.a(lib_a-errno.o)
                              .\CortexM3\ARM_GCC_541\Debug\Cm3Start.o (__errno)
c:/program files (x86)/cypress/psoc creator/4.4/psoc creator/import/gnu/arm/5.4.1/bin/../lib/gcc/arm-none-eabi/5.4.1/../../../../arm-none-eabi/lib/armv7-m\libg_nano.a(lib_a-exit.o)
                              c:/program files (x86)/cypress/psoc creator/4.4/psoc creator/import/gnu/arm/5.4.1/bin/../lib/gcc/arm-none-eabi/5.4.1/../../../../arm-none-eabi/lib/armv7-m/crt0.o (exit)
c:/program files (x86)/cypress/psoc creator/4.4/psoc creator/import/gnu/arm/5.4.1/bin/../lib/gcc/arm-none-eabi/5.4.1/../../../../arm-none-eabi/lib/armv7-m\libg_nano.a(lib_a-impure.o)
                              c:/program files (x86)/cypress/psoc creator/4.4/psoc creator/import/gnu/arm/5.4.1/bin/../lib/gcc/arm-none-eabi/5.4.1/../../../../arm-none-eabi/lib/armv7-m\libg_nano.a(lib_a-exit.o) (_global_impure_ptr)
c:/program files (x86)/cypress/psoc creator/4.4/psoc creator/import/gnu/arm/5.4.1/bin/../lib/gcc/arm-none-eabi/5.4.1/../../../../arm-none-eabi/lib/armv7-m\libg_nano.a(lib_a-init.o)
                              c:/program files (x86)/cypress/psoc creator/4.4/psoc creator/import/gnu/arm/5.4.1/bin/../lib/gcc/arm-none-eabi/5.4.1/../../../../arm-none-eabi/lib/armv7-m/crt0.o (__libc_init_array)
c:/program files (x86)/cypress/psoc creator/4.4/psoc creator/import/gnu/arm/5.4.1/bin/../lib/gcc/arm-none-eabi/5.4.1/../../../../arm-none-eabi/lib/armv7-m\libg_nano.a(lib_a-memcpy-stub.o)
                              .\CortexM3\ARM_GCC_541\Debug\cyfitter_cfg.o (memcpy)
c:/program files (x86)/cypress/psoc creator/4.4/psoc creator/import/gnu/arm/5.4.1/bin/../lib/gcc/arm-none-eabi/5.4.1/../../../../arm-none-eabi/lib/armv7-m\libg_nano.a(lib_a-memset.o)
                              c:/program files (x86)/cypress/psoc creator/4.4/psoc creator/import/gnu/arm/5.4.1/bin/../lib/gcc/arm-none-eabi/5.4.1/../../../../arm-none-eabi/lib/armv7-m/crt0.o (memset)

Allocating common symbols
Common symbol       size              file

dieTemperature      0x2               .\CortexM3\ARM_GCC_541\Debug\PROJ-H402.a(CyFlash.o)

Discarded input sections

 .text          0x00000000        0x0 c:/program files (x86)/cypress/psoc creator/4.4/psoc creator/import/gnu/arm/5.4.1/bin/../lib/gcc/arm-none-eabi/5.4.1/armv7-m/crti.o
 .data          0x00000000        0x0 c:/program files (x86)/cypress/psoc creator/4.4/psoc creator/import/gnu/arm/5.4.1/bin/../lib/gcc/arm-none-eabi/5.4.1/armv7-m/crti.o
 .bss           0x00000000        0x0 c:/program files (x86)/cypress/psoc creator/4.4/psoc creator/import/gnu/arm/5.4.1/bin/../lib/gcc/arm-none-eabi/5.4.1/armv7-m/crti.o
 .data          0x00000000        0x4 c:/program files (x86)/cypress/psoc creator/4.4/psoc creator/import/gnu/arm/5.4.1/bin/../lib/gcc/arm-none-eabi/5.4.1/armv7-m/crtbegin.o
 .text          0x00000000       0x74 c:/program files (x86)/cypress/psoc creator/4.4/psoc creator/import/gnu/arm/5.4.1/bin/../lib/gcc/arm-none-eabi/5.4.1/../../../../arm-none-eabi/lib/armv7-m/crt0.o
 .data          0x00000000        0x0 c:/program files (x86)/cypress/psoc creator/4.4/psoc creator/import/gnu/arm/5.4.1/bin/../lib/gcc/arm-none-eabi/5.4.1/../../../../arm-none-eabi/lib/armv7-m/crt0.o
 .bss           0x00000000        0x0 c:/program files (x86)/cypress/psoc creator/4.4/psoc creator/import/gnu/arm/5.4.1/bin/../lib/gcc/arm-none-eabi/5.4.1/../../../../arm-none-eabi/lib/armv7-m/crt0.o
 .ARM.extab     0x00000000        0x0 c:/program files (x86)/cypress/psoc creator/4.4/psoc creator/import/gnu/arm/5.4.1/bin/../lib/gcc/arm-none-eabi/5.4.1/../../../../arm-none-eabi/lib/armv7-m/crt0.o
 .ARM.exidx     0x00000000        0x8 c:/program files (x86)/cypress/psoc creator/4.4/psoc creator/import/gnu/arm/5.4.1/bin/../lib/gcc/arm-none-eabi/5.4.1/../../../../arm-none-eabi/lib/armv7-m/crt0.o
 .text          0x00000000        0x0 .\CortexM3\ARM_GCC_541\Debug\main.o
 .bss           0x00000000        0x0 .\CortexM3\ARM_GCC_541\Debug\main.o
 .text          0x00000000        0x0 .\CortexM3\ARM_GCC_541\Debug\cyfitter_cfg.o
 .data          0x00000000        0x0 .\CortexM3\ARM_GCC_541\Debug\cyfitter_cfg.o
 .bss           0x00000000        0x0 .\CortexM3\ARM_GCC_541\Debug\cyfitter_cfg.o
 .text.SetAnalogRoutingPumps
                0x00000000       0x10 .\CortexM3\ARM_GCC_541\Debug\cyfitter_cfg.o
 .text          0x00000000        0x0 .\CortexM3\ARM_GCC_541\Debug\cymetadata.o
 .data          0x00000000        0x0 .\CortexM3\ARM_GCC_541\Debug\cymetadata.o
 .bss           0x00000000        0x0 .\CortexM3\ARM_GCC_541\Debug\cymetadata.o
 .text          0x00000000        0x0 .\CortexM3\ARM_GCC_541\Debug\Cm3Start.o
 .data          0x00000000        0x4 .\CortexM3\ARM_GCC_541\Debug\Cm3Start.o
 .bss           0x00000000        0x0 .\CortexM3\ARM_GCC_541\Debug\Cm3Start.o
 .text._exit    0x00000000        0xc .\CortexM3\ARM_GCC_541\Debug\Cm3Start.o
 .text._sbrk    0x00000000       0x30 .\CortexM3\ARM_GCC_541\Debug\Cm3Start.o
 .text          0x00000000        0x0 .\CortexM3\ARM_GCC_541\Debug\PROJ-H402.a(CyLib.o)
 .bss           0x00000000       0x1c .\CortexM3\ARM_GCC_541\Debug\PROJ-H402.a(CyLib.o)
 .text.CyUSB_PowerOnCheck
                0x00000000       0x48 .\CortexM3\ARM_GCC_541\Debug\PROJ-H402.a(CyLib.o)
 .text.CyBusClk_Internal_SetDivider
                0x00000000       0x48 .\CortexM3\ARM_GCC_541\Debug\PROJ-H402.a(CyLib.o)
 .text.CyPLL_OUT_Stop
                0x00000000       0x10 .\CortexM3\ARM_GCC_541\Debug\PROJ-H402.a(CyLib.o)
 .text.CyIMO_Stop
                0x00000000       0x1c .\CortexM3\ARM_GCC_541\Debug\PROJ-H402.a(CyLib.o)
 .text.CyIMO_EnableDoubler
                0x00000000       0x10 .\CortexM3\ARM_GCC_541\Debug\PROJ-H402.a(CyLib.o)
 .text.CyIMO_DisableDoubler
                0x00000000       0x10 .\CortexM3\ARM_GCC_541\Debug\PROJ-H402.a(CyLib.o)
 .text.CyMasterClk_SetSource
                0x00000000       0x18 .\CortexM3\ARM_GCC_541\Debug\PROJ-H402.a(CyLib.o)
 .text.CyMasterClk_SetDivider
                0x00000000        0xc .\CortexM3\ARM_GCC_541\Debug\PROJ-H402.a(CyLib.o)
 .text.CyBusClk_SetDivider
                0x00000000       0x70 .\CortexM3\ARM_GCC_541\Debug\PROJ-H402.a(CyLib.o)
 .text.CyUsbClk_SetSource
                0x00000000       0x18 .\CortexM3\ARM_GCC_541\Debug\PROJ-H402.a(CyLib.o)
 .text.CyILO_Start1K
                0x00000000       0x10 .\CortexM3\ARM_GCC_541\Debug\PROJ-H402.a(CyLib.o)
 .text.CyILO_Stop1K
                0x00000000       0x10 .\CortexM3\ARM_GCC_541\Debug\PROJ-H402.a(CyLib.o)
 .text.CyILO_Start100K
                0x00000000       0x10 .\CortexM3\ARM_GCC_541\Debug\PROJ-H402.a(CyLib.o)
 .text.CyILO_Stop100K
                0x00000000       0x10 .\CortexM3\ARM_GCC_541\Debug\PROJ-H402.a(CyLib.o)
 .text.CyPLL_OUT_Start
                0x00000000       0x78 .\CortexM3\ARM_GCC_541\Debug\PROJ-H402.a(CyLib.o)
 .text.CyIMO_Start
                0x00000000       0x60 .\CortexM3\ARM_GCC_541\Debug\PROJ-H402.a(CyLib.o)
 .text.CyILO_Enable33K
                0x00000000       0x10 .\CortexM3\ARM_GCC_541\Debug\PROJ-H402.a(CyLib.o)
 .text.CyILO_Disable33K
                0x00000000       0x10 .\CortexM3\ARM_GCC_541\Debug\PROJ-H402.a(CyLib.o)
 .text.CyILO_SetSource
                0x00000000       0x18 .\CortexM3\ARM_GCC_541\Debug\PROJ-H402.a(CyLib.o)
 .text.CyILO_SetPowerMode
                0x00000000       0x24 .\CortexM3\ARM_GCC_541\Debug\PROJ-H402.a(CyLib.o)
 .text.CyXTAL_32KHZ_Stop
                0x00000000       0x30 .\CortexM3\ARM_GCC_541\Debug\PROJ-H402.a(CyLib.o)
 .text.CyXTAL_32KHZ_ReadStatus
                0x00000000       0x10 .\CortexM3\ARM_GCC_541\Debug\PROJ-H402.a(CyLib.o)
 .text.CyXTAL_Start
                0x00000000       0xac .\CortexM3\ARM_GCC_541\Debug\PROJ-H402.a(CyLib.o)
 .text.CyXTAL_Stop
                0x00000000       0x10 .\CortexM3\ARM_GCC_541\Debug\PROJ-H402.a(CyLib.o)
 .text.CyXTAL_EnableErrStatus
                0x00000000       0x10 .\CortexM3\ARM_GCC_541\Debug\PROJ-H402.a(CyLib.o)
 .text.CyXTAL_DisableErrStatus
                0x00000000       0x10 .\CortexM3\ARM_GCC_541\Debug\PROJ-H402.a(CyLib.o)
 .text.CyXTAL_ReadStatus
                0x00000000       0x18 .\CortexM3\ARM_GCC_541\Debug\PROJ-H402.a(CyLib.o)
 .text.CyXTAL_EnableFaultRecovery
                0x00000000       0x10 .\CortexM3\ARM_GCC_541\Debug\PROJ-H402.a(CyLib.o)
 .text.CyXTAL_DisableFaultRecovery
                0x00000000       0x10 .\CortexM3\ARM_GCC_541\Debug\PROJ-H402.a(CyLib.o)
 .text.CyXTAL_SetStartup
                0x00000000       0x18 .\CortexM3\ARM_GCC_541\Debug\PROJ-H402.a(CyLib.o)
 .text.CyXTAL_SetFbVoltage
                0x00000000       0x18 .\CortexM3\ARM_GCC_541\Debug\PROJ-H402.a(CyLib.o)
 .text.CyXTAL_SetWdVoltage
                0x00000000       0x18 .\CortexM3\ARM_GCC_541\Debug\PROJ-H402.a(CyLib.o)
 .text.CyHalt   0x00000000        0x4 .\CortexM3\ARM_GCC_541\Debug\PROJ-H402.a(CyLib.o)
 .text.CyPLL_OUT_SetPQ
                0x00000000       0x60 .\CortexM3\ARM_GCC_541\Debug\PROJ-H402.a(CyLib.o)
 .text.CyPLL_OUT_SetSource
                0x00000000       0x34 .\CortexM3\ARM_GCC_541\Debug\PROJ-H402.a(CyLib.o)
 .text.CyIMO_SetTrimValue
                0x00000000       0xcc .\CortexM3\ARM_GCC_541\Debug\PROJ-H402.a(CyLib.o)
 .text.CyIMO_SetFreq
                0x00000000       0xf4 .\CortexM3\ARM_GCC_541\Debug\PROJ-H402.a(CyLib.o)
 .text.CyIMO_SetSource
                0x00000000       0x58 .\CortexM3\ARM_GCC_541\Debug\PROJ-H402.a(CyLib.o)
 .text.CySoftwareReset
                0x00000000       0x10 .\CortexM3\ARM_GCC_541\Debug\PROJ-H402.a(CyLib.o)
 .text.CyDelayUs
                0x00000000       0x14 .\CortexM3\ARM_GCC_541\Debug\PROJ-H402.a(CyLib.o)
 .text.CyXTAL_32KHZ_SetPowerMode
                0x00000000       0x84 .\CortexM3\ARM_GCC_541\Debug\PROJ-H402.a(CyLib.o)
 .text.CyXTAL_32KHZ_Start
                0x00000000       0x74 .\CortexM3\ARM_GCC_541\Debug\PROJ-H402.a(CyLib.o)
 .text.CyDelayFreq
                0x00000000       0x4c .\CortexM3\ARM_GCC_541\Debug\PROJ-H402.a(CyLib.o)
 .text.CyWdtStart
                0x00000000       0x40 .\CortexM3\ARM_GCC_541\Debug\PROJ-H402.a(CyLib.o)
 .text.CyWdtClear
                0x00000000        0xc .\CortexM3\ARM_GCC_541\Debug\PROJ-H402.a(CyLib.o)
 .text.CyVdStickyStatus
                0x00000000       0x2c .\CortexM3\ARM_GCC_541\Debug\PROJ-H402.a(CyLib.o)
 .text.CyVdLvDigitEnable
                0x00000000       0x84 .\CortexM3\ARM_GCC_541\Debug\PROJ-H402.a(CyLib.o)
 .text.CyVdLvAnalogEnable
                0x00000000       0x80 .\CortexM3\ARM_GCC_541\Debug\PROJ-H402.a(CyLib.o)
 .text.CyVdLvDigitDisable
                0x00000000       0x30 .\CortexM3\ARM_GCC_541\Debug\PROJ-H402.a(CyLib.o)
 .text.CyVdLvAnalogDisable
                0x00000000       0x28 .\CortexM3\ARM_GCC_541\Debug\PROJ-H402.a(CyLib.o)
 .text.CyVdHvAnalogEnable
                0x00000000       0x54 .\CortexM3\ARM_GCC_541\Debug\PROJ-H402.a(CyLib.o)
 .text.CyVdHvAnalogDisable
                0x00000000       0x20 .\CortexM3\ARM_GCC_541\Debug\PROJ-H402.a(CyLib.o)
 .text.CyVdRealTimeStatus
                0x00000000       0x1c .\CortexM3\ARM_GCC_541\Debug\PROJ-H402.a(CyLib.o)
 .text.CyDisableInts
                0x00000000       0x1c .\CortexM3\ARM_GCC_541\Debug\PROJ-H402.a(CyLib.o)
 .text.CyEnableInts
                0x00000000       0x18 .\CortexM3\ARM_GCC_541\Debug\PROJ-H402.a(CyLib.o)
 .text.CyFlushCache
                0x00000000       0x44 .\CortexM3\ARM_GCC_541\Debug\PROJ-H402.a(CyLib.o)
 .text.CyIntSetSysVector
                0x00000000       0x28 .\CortexM3\ARM_GCC_541\Debug\PROJ-H402.a(CyLib.o)
 .text.CyIntGetSysVector
                0x00000000       0x20 .\CortexM3\ARM_GCC_541\Debug\PROJ-H402.a(CyLib.o)
 .text.CyIntSetVector
                0x00000000       0x28 .\CortexM3\ARM_GCC_541\Debug\PROJ-H402.a(CyLib.o)
 .text.CyIntGetVector
                0x00000000       0x24 .\CortexM3\ARM_GCC_541\Debug\PROJ-H402.a(CyLib.o)
 .text.CyIntSetPriority
                0x00000000       0x30 .\CortexM3\ARM_GCC_541\Debug\PROJ-H402.a(CyLib.o)
 .text.CyIntGetPriority
                0x00000000       0x20 .\CortexM3\ARM_GCC_541\Debug\PROJ-H402.a(CyLib.o)
 .text.CyIntGetState
                0x00000000       0x24 .\CortexM3\ARM_GCC_541\Debug\PROJ-H402.a(CyLib.o)
 .text.CySysTickStop
                0x00000000       0x10 .\CortexM3\ARM_GCC_541\Debug\PROJ-H402.a(CyLib.o)
 .text.CySysTickEnableInterrupt
                0x00000000       0x10 .\CortexM3\ARM_GCC_541\Debug\PROJ-H402.a(CyLib.o)
 .text.CySysTickEnable
                0x00000000       0x18 .\CortexM3\ARM_GCC_541\Debug\PROJ-H402.a(CyLib.o)
 .text.CySysTickDisableInterrupt
                0x00000000       0x10 .\CortexM3\ARM_GCC_541\Debug\PROJ-H402.a(CyLib.o)
 .text.CySysTickSetReload
                0x00000000       0x10 .\CortexM3\ARM_GCC_541\Debug\PROJ-H402.a(CyLib.o)
 .text.CySysTickGetReload
                0x00000000       0x10 .\CortexM3\ARM_GCC_541\Debug\PROJ-H402.a(CyLib.o)
 .text.CySysTickGetValue
                0x00000000       0x10 .\CortexM3\ARM_GCC_541\Debug\PROJ-H402.a(CyLib.o)
 .text.CySysTickSetClockSource
                0x00000000       0x20 .\CortexM3\ARM_GCC_541\Debug\PROJ-H402.a(CyLib.o)
 .text.CySysTickGetClockSource
                0x00000000       0x10 .\CortexM3\ARM_GCC_541\Debug\PROJ-H402.a(CyLib.o)
 .text.CySysTickGetCountFlag
                0x00000000       0x10 .\CortexM3\ARM_GCC_541\Debug\PROJ-H402.a(CyLib.o)
 .text.CySysTickServiceCallbacks
                0x00000000       0x28 .\CortexM3\ARM_GCC_541\Debug\PROJ-H402.a(CyLib.o)
 .text.CySysTickClear
                0x00000000        0xc .\CortexM3\ARM_GCC_541\Debug\PROJ-H402.a(CyLib.o)
 .text.CySysTickInit
                0x00000000       0x58 .\CortexM3\ARM_GCC_541\Debug\PROJ-H402.a(CyLib.o)
 .text.CySysTickStart
                0x00000000       0x1c .\CortexM3\ARM_GCC_541\Debug\PROJ-H402.a(CyLib.o)
 .text.CySysTickSetCallback
                0x00000000       0x10 .\CortexM3\ARM_GCC_541\Debug\PROJ-H402.a(CyLib.o)
 .text.CySysTickGetCallback
                0x00000000       0x10 .\CortexM3\ARM_GCC_541\Debug\PROJ-H402.a(CyLib.o)
 .text.CyGetUniqueId
                0x00000000       0x70 .\CortexM3\ARM_GCC_541\Debug\PROJ-H402.a(CyLib.o)
 .text          0x00000000        0x0 .\CortexM3\ARM_GCC_541\Debug\PROJ-H402.a(cyPm.o)
 .data          0x00000000        0x0 .\CortexM3\ARM_GCC_541\Debug\PROJ-H402.a(cyPm.o)
 .bss           0x00000000       0x43 .\CortexM3\ARM_GCC_541\Debug\PROJ-H402.a(cyPm.o)
 .text.CyPmHibSlpSaveSet
                0x00000000      0x1dc .\CortexM3\ARM_GCC_541\Debug\PROJ-H402.a(cyPm.o)
 .text.CyPmHibSlpRestore
                0x00000000       0xd8 .\CortexM3\ARM_GCC_541\Debug\PROJ-H402.a(cyPm.o)
 .text.CyPmHviLviSaveDisable
                0x00000000       0xa0 .\CortexM3\ARM_GCC_541\Debug\PROJ-H402.a(cyPm.o)
 .text.CyPmHibSaveSet
                0x00000000       0x98 .\CortexM3\ARM_GCC_541\Debug\PROJ-H402.a(cyPm.o)
 .text.CyPmHviLviRestore
                0x00000000       0x48 .\CortexM3\ARM_GCC_541\Debug\PROJ-H402.a(cyPm.o)
 .text.CyPmHibRestore
                0x00000000       0x60 .\CortexM3\ARM_GCC_541\Debug\PROJ-H402.a(cyPm.o)
 .text.CyPmSaveClocks
                0x00000000      0x218 .\CortexM3\ARM_GCC_541\Debug\PROJ-H402.a(cyPm.o)
 .text.CyPmRestoreClocks
                0x00000000      0x24c .\CortexM3\ARM_GCC_541\Debug\PROJ-H402.a(cyPm.o)
 .text.CyPmAltAct
                0x00000000       0x6c .\CortexM3\ARM_GCC_541\Debug\PROJ-H402.a(cyPm.o)
 .text.CyPmSleep
                0x00000000       0xf4 .\CortexM3\ARM_GCC_541\Debug\PROJ-H402.a(cyPm.o)
 .text.CyPmHibernateEx
                0x00000000       0xf4 .\CortexM3\ARM_GCC_541\Debug\PROJ-H402.a(cyPm.o)
 .text.CyPmHibernate
                0x00000000        0xc .\CortexM3\ARM_GCC_541\Debug\PROJ-H402.a(cyPm.o)
 .text.CyPmReadStatus
                0x00000000       0x30 .\CortexM3\ARM_GCC_541\Debug\PROJ-H402.a(cyPm.o)
 .text.CyPmCtwSetInterval
                0x00000000       0x5c .\CortexM3\ARM_GCC_541\Debug\PROJ-H402.a(cyPm.o)
 .text.CyPmOppsSet
                0x00000000       0x2c .\CortexM3\ARM_GCC_541\Debug\PROJ-H402.a(cyPm.o)
 .text.CyPmFtwSetInterval
                0x00000000       0x5c .\CortexM3\ARM_GCC_541\Debug\PROJ-H402.a(cyPm.o)
 .rodata        0x00000000        0xf .\CortexM3\ARM_GCC_541\Debug\PROJ-H402.a(cyPm.o)
 .text          0x00000000        0x0 .\CortexM3\ARM_GCC_541\Debug\PROJ-H402.a(Pin_3.o)
 .data          0x00000000        0x0 .\CortexM3\ARM_GCC_541\Debug\PROJ-H402.a(Pin_3.o)
 .bss           0x00000000        0x0 .\CortexM3\ARM_GCC_541\Debug\PROJ-H402.a(Pin_3.o)
 .text.Pin_3_SetDriveMode
                0x00000000       0x18 .\CortexM3\ARM_GCC_541\Debug\PROJ-H402.a(Pin_3.o)
 .text.Pin_3_Read
                0x00000000        0xc .\CortexM3\ARM_GCC_541\Debug\PROJ-H402.a(Pin_3.o)
 .text.Pin_3_ReadDataReg
                0x00000000        0xc .\CortexM3\ARM_GCC_541\Debug\PROJ-H402.a(Pin_3.o)
 .text          0x00000000        0x0 .\CortexM3\ARM_GCC_541\Debug\PROJ-H402.a(Pin_2.o)
 .data          0x00000000        0x0 .\CortexM3\ARM_GCC_541\Debug\PROJ-H402.a(Pin_2.o)
 .bss           0x00000000        0x0 .\CortexM3\ARM_GCC_541\Debug\PROJ-H402.a(Pin_2.o)
 .text.Pin_2_SetDriveMode
                0x00000000       0x18 .\CortexM3\ARM_GCC_541\Debug\PROJ-H402.a(Pin_2.o)
 .text.Pin_2_Read
                0x00000000       0x10 .\CortexM3\ARM_GCC_541\Debug\PROJ-H402.a(Pin_2.o)
 .text.Pin_2_ReadDataReg
                0x00000000       0x10 .\CortexM3\ARM_GCC_541\Debug\PROJ-H402.a(Pin_2.o)
 .text          0x00000000        0x0 .\CortexM3\ARM_GCC_541\Debug\PROJ-H402.a(Pin_1.o)
 .data          0x00000000        0x0 .\CortexM3\ARM_GCC_541\Debug\PROJ-H402.a(Pin_1.o)
 .bss           0x00000000        0x0 .\CortexM3\ARM_GCC_541\Debug\PROJ-H402.a(Pin_1.o)
 .text.Pin_1_SetDriveMode
                0x00000000       0x18 .\CortexM3\ARM_GCC_541\Debug\PROJ-H402.a(Pin_1.o)
 .text.Pin_1_Read
                0x00000000       0x10 .\CortexM3\ARM_GCC_541\Debug\PROJ-H402.a(Pin_1.o)
 .text.Pin_1_ReadDataReg
                0x00000000       0x10 .\CortexM3\ARM_GCC_541\Debug\PROJ-H402.a(Pin_1.o)
 .text          0x00000000        0x0 .\CortexM3\ARM_GCC_541\Debug\PROJ-H402.a(Pin_4.o)
 .data          0x00000000        0x0 .\CortexM3\ARM_GCC_541\Debug\PROJ-H402.a(Pin_4.o)
 .bss           0x00000000        0x0 .\CortexM3\ARM_GCC_541\Debug\PROJ-H402.a(Pin_4.o)
 .text.Pin_4_SetDriveMode
                0x00000000       0x18 .\CortexM3\ARM_GCC_541\Debug\PROJ-H402.a(Pin_4.o)
 .text.Pin_4_Read
                0x00000000       0x10 .\CortexM3\ARM_GCC_541\Debug\PROJ-H402.a(Pin_4.o)
 .text.Pin_4_ReadDataReg
                0x00000000       0x10 .\CortexM3\ARM_GCC_541\Debug\PROJ-H402.a(Pin_4.o)
 .text          0x00000000        0x0 .\CortexM3\ARM_GCC_541\Debug\PROJ-H402.a(StepperMotorTimer.o)
 .data          0x00000000        0x0 .\CortexM3\ARM_GCC_541\Debug\PROJ-H402.a(StepperMotorTimer.o)
 .text.StepperMotorTimer_Stop
                0x00000000       0x28 .\CortexM3\ARM_GCC_541\Debug\PROJ-H402.a(StepperMotorTimer.o)
 .text.StepperMotorTimer_SoftwareCapture
                0x00000000        0xc .\CortexM3\ARM_GCC_541\Debug\PROJ-H402.a(StepperMotorTimer.o)
 .text.StepperMotorTimer_ReadControlRegister
                0x00000000        0xc .\CortexM3\ARM_GCC_541\Debug\PROJ-H402.a(StepperMotorTimer.o)
 .text.StepperMotorTimer_WriteControlRegister
                0x00000000        0xc .\CortexM3\ARM_GCC_541\Debug\PROJ-H402.a(StepperMotorTimer.o)
 .text.StepperMotorTimer_ReadPeriod
                0x00000000        0xc .\CortexM3\ARM_GCC_541\Debug\PROJ-H402.a(StepperMotorTimer.o)
 .text.StepperMotorTimer_ReadCapture
                0x00000000        0xc .\CortexM3\ARM_GCC_541\Debug\PROJ-H402.a(StepperMotorTimer.o)
 .text.StepperMotorTimer_ReadCounter
                0x00000000       0x14 .\CortexM3\ARM_GCC_541\Debug\PROJ-H402.a(StepperMotorTimer.o)
 .text          0x00000000        0x0 .\CortexM3\ARM_GCC_541\Debug\PROJ-H402.a(PWM.o)
 .data          0x00000000        0x0 .\CortexM3\ARM_GCC_541\Debug\PROJ-H402.a(PWM.o)
 .text.PWM_Stop
                0x00000000       0x10 .\CortexM3\ARM_GCC_541\Debug\PROJ-H402.a(PWM.o)
 .text.PWM_ReadCounter
                0x00000000       0x14 .\CortexM3\ARM_GCC_541\Debug\PROJ-H402.a(PWM.o)
 .text.PWM_ReadControlRegister
                0x00000000        0xc .\CortexM3\ARM_GCC_541\Debug\PROJ-H402.a(PWM.o)
 .text.PWM_WriteControlRegister
                0x00000000        0xc .\CortexM3\ARM_GCC_541\Debug\PROJ-H402.a(PWM.o)
 .text.PWM_ReadCompare
                0x00000000        0xc .\CortexM3\ARM_GCC_541\Debug\PROJ-H402.a(PWM.o)
 .text.PWM_ReadPeriod
                0x00000000        0xc .\CortexM3\ARM_GCC_541\Debug\PROJ-H402.a(PWM.o)
 .text          0x00000000        0x0 .\CortexM3\ARM_GCC_541\Debug\PROJ-H402.a(SW1.o)
 .data          0x00000000        0x0 .\CortexM3\ARM_GCC_541\Debug\PROJ-H402.a(SW1.o)
 .bss           0x00000000        0x0 .\CortexM3\ARM_GCC_541\Debug\PROJ-H402.a(SW1.o)
 .text.SW1_Write
                0x00000000       0x18 .\CortexM3\ARM_GCC_541\Debug\PROJ-H402.a(SW1.o)
 .text.SW1_SetDriveMode
                0x00000000       0x18 .\CortexM3\ARM_GCC_541\Debug\PROJ-H402.a(SW1.o)
 .text.SW1_ReadDataReg
                0x00000000       0x10 .\CortexM3\ARM_GCC_541\Debug\PROJ-H402.a(SW1.o)
 .text          0x00000000        0x0 .\CortexM3\ARM_GCC_541\Debug\PROJ-H402.a(SW2.o)
 .data          0x00000000        0x0 .\CortexM3\ARM_GCC_541\Debug\PROJ-H402.a(SW2.o)
 .bss           0x00000000        0x0 .\CortexM3\ARM_GCC_541\Debug\PROJ-H402.a(SW2.o)
 .text.SW2_Write
                0x00000000       0x18 .\CortexM3\ARM_GCC_541\Debug\PROJ-H402.a(SW2.o)
 .text.SW2_SetDriveMode
                0x00000000       0x18 .\CortexM3\ARM_GCC_541\Debug\PROJ-H402.a(SW2.o)
 .text.SW2_ReadDataReg
                0x00000000       0x10 .\CortexM3\ARM_GCC_541\Debug\PROJ-H402.a(SW2.o)
 .data          0x00000000        0x0 .\CortexM3\ARM_GCC_541\Debug\PROJ-H402.a(CyBootAsmGnu.o)
 .bss           0x00000000        0x0 .\CortexM3\ARM_GCC_541\Debug\PROJ-H402.a(CyBootAsmGnu.o)
 .text          0x00000000        0x0 .\CortexM3\ARM_GCC_541\Debug\PROJ-H402.a(CyFlash.o)
 .data          0x00000000        0x0 .\CortexM3\ARM_GCC_541\Debug\PROJ-H402.a(CyFlash.o)
 .bss           0x00000000        0x0 .\CortexM3\ARM_GCC_541\Debug\PROJ-H402.a(CyFlash.o)
 .text.CySetTempInt
                0x00000000       0x60 .\CortexM3\ARM_GCC_541\Debug\PROJ-H402.a(CyFlash.o)
 .text.CyFlash_Start
                0x00000000       0x54 .\CortexM3\ARM_GCC_541\Debug\PROJ-H402.a(CyFlash.o)
 .text.CyFlash_Stop
                0x00000000       0x24 .\CortexM3\ARM_GCC_541\Debug\PROJ-H402.a(CyFlash.o)
 .text.CyFlash_EraseRow
                0x00000000       0x78 .\CortexM3\ARM_GCC_541\Debug\PROJ-H402.a(CyFlash.o)
 .text.CyFlashGetSpcAlgorithm
                0x00000000       0x4c .\CortexM3\ARM_GCC_541\Debug\PROJ-H402.a(CyFlash.o)
 .text.CySetTemp
                0x00000000       0x14 .\CortexM3\ARM_GCC_541\Debug\PROJ-H402.a(CyFlash.o)
 .text.CySetFlashEEBuffer
                0x00000000       0x20 .\CortexM3\ARM_GCC_541\Debug\PROJ-H402.a(CyFlash.o)
 .text.CyWriteRowFull
                0x00000000       0xf8 .\CortexM3\ARM_GCC_541\Debug\PROJ-H402.a(CyFlash.o)
 .text.CyWriteRowData
                0x00000000       0x14 .\CortexM3\ARM_GCC_541\Debug\PROJ-H402.a(CyFlash.o)
 .text.CyFlash_SetWaitCycles
                0x00000000       0x7c .\CortexM3\ARM_GCC_541\Debug\PROJ-H402.a(CyFlash.o)
 .text.CyEEPROM_Start
                0x00000000       0x54 .\CortexM3\ARM_GCC_541\Debug\PROJ-H402.a(CyFlash.o)
 .text.CyEEPROM_Stop
                0x00000000       0x24 .\CortexM3\ARM_GCC_541\Debug\PROJ-H402.a(CyFlash.o)
 .text.CyEEPROM_ReadReserve
                0x00000000       0x1c .\CortexM3\ARM_GCC_541\Debug\PROJ-H402.a(CyFlash.o)
 .text.CyEEPROM_ReadRelease
                0x00000000       0x10 .\CortexM3\ARM_GCC_541\Debug\PROJ-H402.a(CyFlash.o)
 COMMON         0x00000000        0x2 .\CortexM3\ARM_GCC_541\Debug\PROJ-H402.a(CyFlash.o)
 .text          0x00000000        0x0 .\CortexM3\ARM_GCC_541\Debug\PROJ-H402.a(CySpc.o)
 .data          0x00000000        0x0 .\CortexM3\ARM_GCC_541\Debug\PROJ-H402.a(CySpc.o)
 .bss           0x00000000        0x8 .\CortexM3\ARM_GCC_541\Debug\PROJ-H402.a(CySpc.o)
 .text.CySpcStart
                0x00000000       0x24 .\CortexM3\ARM_GCC_541\Debug\PROJ-H402.a(CySpc.o)
 .text.CySpcStop
                0x00000000       0x24 .\CortexM3\ARM_GCC_541\Debug\PROJ-H402.a(CySpc.o)
 .text.CySpcReadData
                0x00000000       0x34 .\CortexM3\ARM_GCC_541\Debug\PROJ-H402.a(CySpc.o)
 .text.CySpcLoadMultiByte
                0x00000000       0x78 .\CortexM3\ARM_GCC_541\Debug\PROJ-H402.a(CySpc.o)
 .text.CySpcLoadRow
                0x00000000       0x50 .\CortexM3\ARM_GCC_541\Debug\PROJ-H402.a(CySpc.o)
 .text.CySpcLoadRowFull
                0x00000000       0x80 .\CortexM3\ARM_GCC_541\Debug\PROJ-H402.a(CySpc.o)
 .text.CySpcWriteRow
                0x00000000       0x4c .\CortexM3\ARM_GCC_541\Debug\PROJ-H402.a(CySpc.o)
 .text.CySpcEraseSector
                0x00000000       0x3c .\CortexM3\ARM_GCC_541\Debug\PROJ-H402.a(CySpc.o)
 .text.CySpcEraseRow
                0x00000000       0x4c .\CortexM3\ARM_GCC_541\Debug\PROJ-H402.a(CySpc.o)
 .text.CySpcGetTemp
                0x00000000       0x3c .\CortexM3\ARM_GCC_541\Debug\PROJ-H402.a(CySpc.o)
 .text.CySpcLock
                0x00000000       0x4c .\CortexM3\ARM_GCC_541\Debug\PROJ-H402.a(CySpc.o)
 .text.CySpcUnlock
                0x00000000       0x38 .\CortexM3\ARM_GCC_541\Debug\PROJ-H402.a(CySpc.o)
 .text.CySpcGetAlgorithm
                0x00000000       0x28 .\CortexM3\ARM_GCC_541\Debug\PROJ-H402.a(CySpc.o)
 .data          0x00000000        0x0 c:/program files (x86)/cypress/psoc creator/4.4/psoc creator/import/gnu/arm/5.4.1/bin/../lib/gcc/arm-none-eabi/5.4.1/armv7-m\libgcc.a(_arm_addsubdf3.o)
 .bss           0x00000000        0x0 c:/program files (x86)/cypress/psoc creator/4.4/psoc creator/import/gnu/arm/5.4.1/bin/../lib/gcc/arm-none-eabi/5.4.1/armv7-m\libgcc.a(_arm_addsubdf3.o)
 .data          0x00000000        0x0 c:/program files (x86)/cypress/psoc creator/4.4/psoc creator/import/gnu/arm/5.4.1/bin/../lib/gcc/arm-none-eabi/5.4.1/armv7-m\libgcc.a(_arm_muldivdf3.o)
 .bss           0x00000000        0x0 c:/program files (x86)/cypress/psoc creator/4.4/psoc creator/import/gnu/arm/5.4.1/bin/../lib/gcc/arm-none-eabi/5.4.1/armv7-m\libgcc.a(_arm_muldivdf3.o)
 .data          0x00000000        0x0 c:/program files (x86)/cypress/psoc creator/4.4/psoc creator/import/gnu/arm/5.4.1/bin/../lib/gcc/arm-none-eabi/5.4.1/armv7-m\libgcc.a(_arm_fixdfsi.o)
 .bss           0x00000000        0x0 c:/program files (x86)/cypress/psoc creator/4.4/psoc creator/import/gnu/arm/5.4.1/bin/../lib/gcc/arm-none-eabi/5.4.1/armv7-m\libgcc.a(_arm_fixdfsi.o)
 .text          0x00000000        0x0 c:/program files (x86)/cypress/psoc creator/4.4/psoc creator/import/gnu/arm/5.4.1/bin/../lib/gcc/arm-none-eabi/5.4.1/../../../../arm-none-eabi/lib/armv7-m\libg_nano.a(lib_a-errno.o)
 .data          0x00000000        0x0 c:/program files (x86)/cypress/psoc creator/4.4/psoc creator/import/gnu/arm/5.4.1/bin/../lib/gcc/arm-none-eabi/5.4.1/../../../../arm-none-eabi/lib/armv7-m\libg_nano.a(lib_a-errno.o)
 .bss           0x00000000        0x0 c:/program files (x86)/cypress/psoc creator/4.4/psoc creator/import/gnu/arm/5.4.1/bin/../lib/gcc/arm-none-eabi/5.4.1/../../../../arm-none-eabi/lib/armv7-m\libg_nano.a(lib_a-errno.o)
 .text          0x00000000        0x0 c:/program files (x86)/cypress/psoc creator/4.4/psoc creator/import/gnu/arm/5.4.1/bin/../lib/gcc/arm-none-eabi/5.4.1/../../../../arm-none-eabi/lib/armv7-m\libg_nano.a(lib_a-exit.o)
 .data          0x00000000        0x0 c:/program files (x86)/cypress/psoc creator/4.4/psoc creator/import/gnu/arm/5.4.1/bin/../lib/gcc/arm-none-eabi/5.4.1/../../../../arm-none-eabi/lib/armv7-m\libg_nano.a(lib_a-exit.o)
 .bss           0x00000000        0x0 c:/program files (x86)/cypress/psoc creator/4.4/psoc creator/import/gnu/arm/5.4.1/bin/../lib/gcc/arm-none-eabi/5.4.1/../../../../arm-none-eabi/lib/armv7-m\libg_nano.a(lib_a-exit.o)
 .text.exit     0x00000000       0x28 c:/program files (x86)/cypress/psoc creator/4.4/psoc creator/import/gnu/arm/5.4.1/bin/../lib/gcc/arm-none-eabi/5.4.1/../../../../arm-none-eabi/lib/armv7-m\libg_nano.a(lib_a-exit.o)
 .text          0x00000000        0x0 c:/program files (x86)/cypress/psoc creator/4.4/psoc creator/import/gnu/arm/5.4.1/bin/../lib/gcc/arm-none-eabi/5.4.1/../../../../arm-none-eabi/lib/armv7-m\libg_nano.a(lib_a-impure.o)
 .data          0x00000000        0x0 c:/program files (x86)/cypress/psoc creator/4.4/psoc creator/import/gnu/arm/5.4.1/bin/../lib/gcc/arm-none-eabi/5.4.1/../../../../arm-none-eabi/lib/armv7-m\libg_nano.a(lib_a-impure.o)
 .bss           0x00000000        0x0 c:/program files (x86)/cypress/psoc creator/4.4/psoc creator/import/gnu/arm/5.4.1/bin/../lib/gcc/arm-none-eabi/5.4.1/../../../../arm-none-eabi/lib/armv7-m\libg_nano.a(lib_a-impure.o)
 .rodata._global_impure_ptr
                0x00000000        0x4 c:/program files (x86)/cypress/psoc creator/4.4/psoc creator/import/gnu/arm/5.4.1/bin/../lib/gcc/arm-none-eabi/5.4.1/../../../../arm-none-eabi/lib/armv7-m\libg_nano.a(lib_a-impure.o)
 .text          0x00000000        0x0 c:/program files (x86)/cypress/psoc creator/4.4/psoc creator/import/gnu/arm/5.4.1/bin/../lib/gcc/arm-none-eabi/5.4.1/../../../../arm-none-eabi/lib/armv7-m\libg_nano.a(lib_a-init.o)
 .data          0x00000000        0x0 c:/program files (x86)/cypress/psoc creator/4.4/psoc creator/import/gnu/arm/5.4.1/bin/../lib/gcc/arm-none-eabi/5.4.1/../../../../arm-none-eabi/lib/armv7-m\libg_nano.a(lib_a-init.o)
 .bss           0x00000000        0x0 c:/program files (x86)/cypress/psoc creator/4.4/psoc creator/import/gnu/arm/5.4.1/bin/../lib/gcc/arm-none-eabi/5.4.1/../../../../arm-none-eabi/lib/armv7-m\libg_nano.a(lib_a-init.o)
 .text          0x00000000        0x0 c:/program files (x86)/cypress/psoc creator/4.4/psoc creator/import/gnu/arm/5.4.1/bin/../lib/gcc/arm-none-eabi/5.4.1/../../../../arm-none-eabi/lib/armv7-m\libg_nano.a(lib_a-memcpy-stub.o)
 .data          0x00000000        0x0 c:/program files (x86)/cypress/psoc creator/4.4/psoc creator/import/gnu/arm/5.4.1/bin/../lib/gcc/arm-none-eabi/5.4.1/../../../../arm-none-eabi/lib/armv7-m\libg_nano.a(lib_a-memcpy-stub.o)
 .bss           0x00000000        0x0 c:/program files (x86)/cypress/psoc creator/4.4/psoc creator/import/gnu/arm/5.4.1/bin/../lib/gcc/arm-none-eabi/5.4.1/../../../../arm-none-eabi/lib/armv7-m\libg_nano.a(lib_a-memcpy-stub.o)
 .text          0x00000000        0x0 c:/program files (x86)/cypress/psoc creator/4.4/psoc creator/import/gnu/arm/5.4.1/bin/../lib/gcc/arm-none-eabi/5.4.1/../../../../arm-none-eabi/lib/armv7-m\libg_nano.a(lib_a-memset.o)
 .data          0x00000000        0x0 c:/program files (x86)/cypress/psoc creator/4.4/psoc creator/import/gnu/arm/5.4.1/bin/../lib/gcc/arm-none-eabi/5.4.1/../../../../arm-none-eabi/lib/armv7-m\libg_nano.a(lib_a-memset.o)
 .bss           0x00000000        0x0 c:/program files (x86)/cypress/psoc creator/4.4/psoc creator/import/gnu/arm/5.4.1/bin/../lib/gcc/arm-none-eabi/5.4.1/../../../../arm-none-eabi/lib/armv7-m\libg_nano.a(lib_a-memset.o)
 .text          0x00000000        0x0 c:/program files (x86)/cypress/psoc creator/4.4/psoc creator/import/gnu/arm/5.4.1/bin/../lib/gcc/arm-none-eabi/5.4.1/armv7-m/crtend.o
 .data          0x00000000        0x0 c:/program files (x86)/cypress/psoc creator/4.4/psoc creator/import/gnu/arm/5.4.1/bin/../lib/gcc/arm-none-eabi/5.4.1/armv7-m/crtend.o
 .bss           0x00000000        0x0 c:/program files (x86)/cypress/psoc creator/4.4/psoc creator/import/gnu/arm/5.4.1/bin/../lib/gcc/arm-none-eabi/5.4.1/armv7-m/crtend.o
 .text          0x00000000        0x0 c:/program files (x86)/cypress/psoc creator/4.4/psoc creator/import/gnu/arm/5.4.1/bin/../lib/gcc/arm-none-eabi/5.4.1/armv7-m/crtn.o
 .data          0x00000000        0x0 c:/program files (x86)/cypress/psoc creator/4.4/psoc creator/import/gnu/arm/5.4.1/bin/../lib/gcc/arm-none-eabi/5.4.1/armv7-m/crtn.o
 .bss           0x00000000        0x0 c:/program files (x86)/cypress/psoc creator/4.4/psoc creator/import/gnu/arm/5.4.1/bin/../lib/gcc/arm-none-eabi/5.4.1/armv7-m/crtn.o

Memory Configuration

Name             Origin             Length             Attributes
rom              0x00000000         0x00040000         xr
ram              0x1fff8000         0x00010000         xrw
*default*        0x00000000         0xffffffff

Linker script and memory map

LOAD c:/program files (x86)/cypress/psoc creator/4.4/psoc creator/import/gnu/arm/5.4.1/bin/../lib/gcc/arm-none-eabi/5.4.1/armv7-m/crti.o
LOAD c:/program files (x86)/cypress/psoc creator/4.4/psoc creator/import/gnu/arm/5.4.1/bin/../lib/gcc/arm-none-eabi/5.4.1/armv7-m/crtbegin.o
LOAD c:/program files (x86)/cypress/psoc creator/4.4/psoc creator/import/gnu/arm/5.4.1/bin/../lib/gcc/arm-none-eabi/5.4.1/../../../../arm-none-eabi/lib/armv7-m/crt0.o
START GROUP
LOAD .\CortexM3\ARM_GCC_541\Debug\main.o
LOAD .\CortexM3\ARM_GCC_541\Debug\cyfitter_cfg.o
LOAD .\CortexM3\ARM_GCC_541\Debug\cymetadata.o
LOAD .\CortexM3\ARM_GCC_541\Debug\Cm3Start.o
LOAD .\CortexM3\ARM_GCC_541\Debug\PROJ-H402.a
LOAD C:\Program Files (x86)\Cypress\PSoC Creator\4.4\PSoC Creator\psoc\content\cycomponentlibrary\CyComponentLibrary.cylib\CortexM3\ARM_GCC_541\Debug\CyComponentLibrary.a
END GROUP
START GROUP
LOAD c:/program files (x86)/cypress/psoc creator/4.4/psoc creator/import/gnu/arm/5.4.1/bin/../lib/gcc/arm-none-eabi/5.4.1/armv7-m\libgcc.a
LOAD c:/program files (x86)/cypress/psoc creator/4.4/psoc creator/import/gnu/arm/5.4.1/bin/../lib/gcc/arm-none-eabi/5.4.1/../../../../arm-none-eabi/lib/armv7-m\libg_nano.a
LOAD c:/program files (x86)/cypress/psoc creator/4.4/psoc creator/import/gnu/arm/5.4.1/bin/../lib/gcc/arm-none-eabi/5.4.1/../../../../arm-none-eabi/lib/armv7-m\libc_nano.a
END GROUP
START GROUP
LOAD c:/program files (x86)/cypress/psoc creator/4.4/psoc creator/import/gnu/arm/5.4.1/bin/../lib/gcc/arm-none-eabi/5.4.1/armv7-m\libgcc.a
LOAD c:/program files (x86)/cypress/psoc creator/4.4/psoc creator/import/gnu/arm/5.4.1/bin/../lib/gcc/arm-none-eabi/5.4.1/../../../../arm-none-eabi/lib/armv7-m\libc_nano.a
END GROUP
LOAD c:/program files (x86)/cypress/psoc creator/4.4/psoc creator/import/gnu/arm/5.4.1/bin/../lib/gcc/arm-none-eabi/5.4.1/armv7-m/crtend.o
LOAD c:/program files (x86)/cypress/psoc creator/4.4/psoc creator/import/gnu/arm/5.4.1/bin/../lib/gcc/arm-none-eabi/5.4.1/armv7-m/crtn.o
START GROUP
LOAD c:/program files (x86)/cypress/psoc creator/4.4/psoc creator/import/gnu/arm/5.4.1/bin/../lib/gcc/arm-none-eabi/5.4.1/armv7-m\libgcc.a
LOAD c:/program files (x86)/cypress/psoc creator/4.4/psoc creator/import/gnu/arm/5.4.1/bin/../lib/gcc/arm-none-eabi/5.4.1/../../../../arm-none-eabi/lib/armv7-m\libc.a
LOAD c:/program files (x86)/cypress/psoc creator/4.4/psoc creator/import/gnu/arm/5.4.1/bin/../lib/gcc/arm-none-eabi/5.4.1/../../../../arm-none-eabi/lib/armv7-m\libnosys.a
END GROUP
                0x00000000                CY_APPL_ORIGIN = 0x0
                0x00000100                CY_FLASH_ROW_SIZE = 0x100
                0x00000020                CY_ECC_ROW_SIZE = 0x20
                0x00000000                CY_EE_IN_BTLDR = 0x0
                0x00000000                CY_APPL_LOADABLE = 0x0
                0x00000800                CY_EE_SIZE = 0x800
                0x00000001                CY_APPL_NUM = 0x1
                0x00000001                CY_APPL_MAX = 0x1
                0x00000040                CY_METADATA_SIZE = 0x40
                0x00000000                CY_APPL_LOADABLE = 0x0
                0x00000000                CY_CHECKSUM_EXCLUDE_SIZE = ALIGN (0x0, CY_FLASH_ROW_SIZE)
                [!provide]                PROVIDE (__cy_heap_start, _end)
                0x00000001                PROVIDE (__cy_region_num, ((__cy_regions_end - __cy_regions) / 0x10))
                0x20008000                PROVIDE (__cy_stack, (ORIGIN (ram) + LENGTH (ram)))
                [!provide]                PROVIDE (__cy_heap_end, (__cy_stack - 0x800))

.cybootloader   0x00000000        0x0
 *(.cybootloader)
                0x00000000                appl1_start = CY_APPL_ORIGIN?CY_APPL_ORIGIN:ALIGN (CY_FLASH_ROW_SIZE)
                0x0001ff00                appl2_start = (appl1_start + ALIGN ((((LENGTH (rom) - appl1_start) - (0x2 * CY_FLASH_ROW_SIZE)) / 0x2), CY_FLASH_ROW_SIZE))
                0x00000000                appl_start = (CY_APPL_NUM == 0x1)?appl1_start:appl2_start
                0x00000000                ecc_offset = ((appl_start / CY_FLASH_ROW_SIZE) * CY_ECC_ROW_SIZE)
                0x00000000                ee_offset = (CY_APPL_LOADABLE && ! (CY_EE_IN_BTLDR))?((CY_EE_SIZE / CY_APPL_MAX) * (CY_APPL_NUM - 0x1)):0x0
                0x00000800                ee_size = (CY_APPL_LOADABLE && ! (CY_EE_IN_BTLDR))?(CY_EE_SIZE / CY_APPL_MAX):CY_EE_SIZE
                [!provide]                PROVIDE (CY_ECC_OFFSET, ecc_offset)

.text           0x00000000      0xfa2
 CREATE_OBJECT_SYMBOLS
                0x00000000                PROVIDE (__cy_interrupt_vector, RomVectors)
 *(.romvectors)
 .romvectors    0x00000000       0x10 .\CortexM3\ARM_GCC_541\Debug\Cm3Start.o
                0x00000000                RomVectors
                0x00000001                ASSERT ((. != __cy_interrupt_vector), No interrupt vector)
                0x00000001                ASSERT (CY_APPL_ORIGIN?(SIZEOF (.cybootloader) <= CY_APPL_ORIGIN):0x1, Wrong image location)
                0x00000010                PROVIDE (__cy_reset, Reset)
 *(.text.Reset)
 .text.Reset    0x00000010       0x18 .\CortexM3\ARM_GCC_541\Debug\Cm3Start.o
                0x00000010                Reset
                0x00000001                ASSERT ((. != __cy_reset), No reset code)
 *(.dma_init)
                0x00000001                ASSERT ((((appl_start + .) <= 0x10000) || 0x1), DMA Init must be within the first 64k of flash)
 *(.text .text.* .gnu.linkonce.t.*)
 .text          0x00000028       0x5c c:/program files (x86)/cypress/psoc creator/4.4/psoc creator/import/gnu/arm/5.4.1/bin/../lib/gcc/arm-none-eabi/5.4.1/armv7-m/crtbegin.o
 .text.step_motor
                0x00000084       0x78 .\CortexM3\ARM_GCC_541\Debug\main.o
                0x00000084                step_motor
 .text.step     0x000000fc       0x3c .\CortexM3\ARM_GCC_541\Debug\main.o
                0x000000fc                step
 .text.turn_motor
                0x00000138       0x1c .\CortexM3\ARM_GCC_541\Debug\main.o
                0x00000138                turn_motor
 .text.toggle_servo_position
                0x00000154       0x3c .\CortexM3\ARM_GCC_541\Debug\main.o
                0x00000154                toggle_servo_position
 .text.main     0x00000190       0x30 .\CortexM3\ARM_GCC_541\Debug\main.o
                0x00000190                main
 .text.CyClockStartupError
                0x000001c0        0x4 .\CortexM3\ARM_GCC_541\Debug\cyfitter_cfg.o
 .text.cfg_write_bytes32
                0x000001c4       0x34 .\CortexM3\ARM_GCC_541\Debug\cyfitter_cfg.o
 .text.AnalogSetDefault
                0x000001f8       0x28 .\CortexM3\ARM_GCC_541\Debug\cyfitter_cfg.o
 .text.CYMEMZERO
                0x00000220        0xc .\CortexM3\ARM_GCC_541\Debug\cyfitter_cfg.o
 .text.ClockSetup
                0x0000022c       0xb8 .\CortexM3\ARM_GCC_541\Debug\cyfitter_cfg.o
 .text.CYCONFIGCPY
                0x000002e4        0x8 .\CortexM3\ARM_GCC_541\Debug\cyfitter_cfg.o
 .text.cyfitter_cfg
                0x000002ec      0x100 .\CortexM3\ARM_GCC_541\Debug\cyfitter_cfg.o
                0x000002ec                cyfitter_cfg
 .text.IntDefaultHandler
                0x000003ec       0x10 .\CortexM3\ARM_GCC_541\Debug\Cm3Start.o
                0x000003ec                IntDefaultHandler
 .text.Start_c  0x000003fc       0x4c .\CortexM3\ARM_GCC_541\Debug\Cm3Start.o
                0x000003fc                Start_c
 .text.initialize_psoc
                0x00000448       0x68 .\CortexM3\ARM_GCC_541\Debug\Cm3Start.o
                0x00000448                initialize_psoc
 .text.CyDelay  0x000004b0       0x2c .\CortexM3\ARM_GCC_541\Debug\PROJ-H402.a(CyLib.o)
                0x000004b0                CyDelay
 .text.Pin_3_Write
                0x000004dc       0x18 .\CortexM3\ARM_GCC_541\Debug\PROJ-H402.a(Pin_3.o)
                0x000004dc                Pin_3_Write
 .text.Pin_2_Write
                0x000004f4       0x18 .\CortexM3\ARM_GCC_541\Debug\PROJ-H402.a(Pin_2.o)
                0x000004f4                Pin_2_Write
 .text.Pin_1_Write
                0x0000050c       0x18 .\CortexM3\ARM_GCC_541\Debug\PROJ-H402.a(Pin_1.o)
                0x0000050c                Pin_1_Write
 .text.Pin_4_Write
                0x00000524       0x18 .\CortexM3\ARM_GCC_541\Debug\PROJ-H402.a(Pin_4.o)
                0x00000524                Pin_4_Write
 .text.StepperMotorTimer_Enable
                0x0000053c       0x28 .\CortexM3\ARM_GCC_541\Debug\PROJ-H402.a(StepperMotorTimer.o)
                0x0000053c                StepperMotorTimer_Enable
 .text.StepperMotorTimer_SetInterruptMode
                0x00000564        0xc .\CortexM3\ARM_GCC_541\Debug\PROJ-H402.a(StepperMotorTimer.o)
                0x00000564                StepperMotorTimer_SetInterruptMode
 .text.StepperMotorTimer_ReadStatusRegister
                0x00000570        0xc .\CortexM3\ARM_GCC_541\Debug\PROJ-H402.a(StepperMotorTimer.o)
                0x00000570                StepperMotorTimer_ReadStatusRegister
 .text.StepperMotorTimer_WritePeriod
                0x0000057c        0xc .\CortexM3\ARM_GCC_541\Debug\PROJ-H402.a(StepperMotorTimer.o)
                0x0000057c                StepperMotorTimer_WritePeriod
 .text.StepperMotorTimer_WriteCounter
                0x00000588        0xc .\CortexM3\ARM_GCC_541\Debug\PROJ-H402.a(StepperMotorTimer.o)
                0x00000588                StepperMotorTimer_WriteCounter
 .text.StepperMotorTimer_Init
                0x00000594       0x68 .\CortexM3\ARM_GCC_541\Debug\PROJ-H402.a(StepperMotorTimer.o)
                0x00000594                StepperMotorTimer_Init
 .text.StepperMotorTimer_Start
                0x000005fc       0x1c .\CortexM3\ARM_GCC_541\Debug\PROJ-H402.a(StepperMotorTimer.o)
                0x000005fc                StepperMotorTimer_Start
 .text.PWM_Enable
                0x00000618       0x10 .\CortexM3\ARM_GCC_541\Debug\PROJ-H402.a(PWM.o)
                0x00000618                PWM_Enable
 .text.PWM_WriteCounter
                0x00000628        0xc .\CortexM3\ARM_GCC_541\Debug\PROJ-H402.a(PWM.o)
                0x00000628                PWM_WriteCounter
 .text.PWM_WritePeriod
                0x00000634        0xc .\CortexM3\ARM_GCC_541\Debug\PROJ-H402.a(PWM.o)
                0x00000634                PWM_WritePeriod
 .text.PWM_WriteCompare
                0x00000640        0xc .\CortexM3\ARM_GCC_541\Debug\PROJ-H402.a(PWM.o)
                0x00000640                PWM_WriteCompare
 .text.PWM_SetInterruptMode
                0x0000064c        0xc .\CortexM3\ARM_GCC_541\Debug\PROJ-H402.a(PWM.o)
                0x0000064c                PWM_SetInterruptMode
 .text.PWM_ReadStatusRegister
                0x00000658        0xc .\CortexM3\ARM_GCC_541\Debug\PROJ-H402.a(PWM.o)
                0x00000658                PWM_ReadStatusRegister
 .text.PWM_ReadCapture
                0x00000664        0xc .\CortexM3\ARM_GCC_541\Debug\PROJ-H402.a(PWM.o)
                0x00000664                PWM_ReadCapture
 .text.PWM_ClearFIFO
                0x00000670       0x14 .\CortexM3\ARM_GCC_541\Debug\PROJ-H402.a(PWM.o)
                0x00000670                PWM_ClearFIFO
 .text.PWM_Init
                0x00000684       0x60 .\CortexM3\ARM_GCC_541\Debug\PROJ-H402.a(PWM.o)
                0x00000684                PWM_Init
 .text.PWM_Start
                0x000006e4       0x1c .\CortexM3\ARM_GCC_541\Debug\PROJ-H402.a(PWM.o)
                0x000006e4                PWM_Start
 .text.SW1_Read
                0x00000700       0x10 .\CortexM3\ARM_GCC_541\Debug\PROJ-H402.a(SW1.o)
                0x00000700                SW1_Read
 .text.SW2_Read
                0x00000710       0x10 .\CortexM3\ARM_GCC_541\Debug\PROJ-H402.a(SW2.o)
                0x00000710                SW2_Read
 .text          0x00000720       0x20 .\CortexM3\ARM_GCC_541\Debug\PROJ-H402.a(CyBootAsmGnu.o)
                0x00000720                CyDelayCycles
                0x00000730                CyEnterCriticalSection
                0x00000738                CyExitCriticalSection
 .text          0x00000740      0x370 c:/program files (x86)/cypress/psoc creator/4.4/psoc creator/import/gnu/arm/5.4.1/bin/../lib/gcc/arm-none-eabi/5.4.1/armv7-m\libgcc.a(_arm_addsubdf3.o)
                0x00000740                __aeabi_drsub
                0x00000748                __aeabi_dsub
                0x00000748                __subdf3
                0x0000074c                __aeabi_dadd
                0x0000074c                __adddf3
                0x000009c4                __floatunsidf
                0x000009c4                __aeabi_ui2d
                0x000009e4                __floatsidf
                0x000009e4                __aeabi_i2d
                0x00000a08                __aeabi_f2d
                0x00000a08                __extendsfdf2
                0x00000a44                __floatundidf
                0x00000a44                __aeabi_ul2d
                0x00000a54                __floatdidf
                0x00000a54                __aeabi_l2d
 .text          0x00000ab0      0x424 c:/program files (x86)/cypress/psoc creator/4.4/psoc creator/import/gnu/arm/5.4.1/bin/../lib/gcc/arm-none-eabi/5.4.1/armv7-m\libgcc.a(_arm_muldivdf3.o)
                0x00000ab0                __aeabi_dmul
                0x00000ab0                __muldf3
                0x00000d04                __divdf3
                0x00000d04                __aeabi_ddiv
 .text          0x00000ed4       0x50 c:/program files (x86)/cypress/psoc creator/4.4/psoc creator/import/gnu/arm/5.4.1/bin/../lib/gcc/arm-none-eabi/5.4.1/armv7-m\libgcc.a(_arm_fixdfsi.o)
                0x00000ed4                __aeabi_d2iz
                0x00000ed4                __fixdfsi
 .text.__errno  0x00000f24        0xc c:/program files (x86)/cypress/psoc creator/4.4/psoc creator/import/gnu/arm/5.4.1/bin/../lib/gcc/arm-none-eabi/5.4.1/../../../../arm-none-eabi/lib/armv7-m\libg_nano.a(lib_a-errno.o)
                0x00000f24                __errno
 .text.__libc_init_array
                0x00000f30       0x4c c:/program files (x86)/cypress/psoc creator/4.4/psoc creator/import/gnu/arm/5.4.1/bin/../lib/gcc/arm-none-eabi/5.4.1/../../../../arm-none-eabi/lib/armv7-m\libg_nano.a(lib_a-init.o)
                0x00000f30                __libc_init_array
 .text.memcpy   0x00000f7c       0x16 c:/program files (x86)/cypress/psoc creator/4.4/psoc creator/import/gnu/arm/5.4.1/bin/../lib/gcc/arm-none-eabi/5.4.1/../../../../arm-none-eabi/lib/armv7-m\libg_nano.a(lib_a-memcpy-stub.o)
                0x00000f7c                memcpy
 .text.memset   0x00000f92       0x10 c:/program files (x86)/cypress/psoc creator/4.4/psoc creator/import/gnu/arm/5.4.1/bin/../lib/gcc/arm-none-eabi/5.4.1/../../../../arm-none-eabi/lib/armv7-m\libg_nano.a(lib_a-memset.o)
                0x00000f92                memset
 *(.plt)
 *(.gnu.warning)
 *(.glue_7t)
 .glue_7t       0x00000fa2        0x0 linker stubs
 *(.glue_7)
 .glue_7        0x00000fa2        0x0 linker stubs
 *(.vfp11_veneer)
 .vfp11_veneer  0x00000fa2        0x0 linker stubs
 *(.bootloader)
 *(.ARM.extab* .gnu.linkonce.armextab.*)
 *(.gcc_except_table)

.v4_bx          0x00000fa4        0x0
 .v4_bx         0x00000fa4        0x0 linker stubs

.iplt           0x00000fa4        0x0
 .iplt          0x00000fa4        0x0 c:/program files (x86)/cypress/psoc creator/4.4/psoc creator/import/gnu/arm/5.4.1/bin/../lib/gcc/arm-none-eabi/5.4.1/armv7-m/crtbegin.o

.eh_frame_hdr
 *(.eh_frame_hdr)

.eh_frame       0x00000fa4        0x4
 *(.eh_frame)
 .eh_frame      0x00000fa4        0x0 c:/program files (x86)/cypress/psoc creator/4.4/psoc creator/import/gnu/arm/5.4.1/bin/../lib/gcc/arm-none-eabi/5.4.1/armv7-m/crtbegin.o
 .eh_frame      0x00000fa4        0x4 c:/program files (x86)/cypress/psoc creator/4.4/psoc creator/import/gnu/arm/5.4.1/bin/../lib/gcc/arm-none-eabi/5.4.1/armv7-m/crtend.o
                [!provide]                PROVIDE (__exidx_start, .)

.ARM.exidx
 *(.ARM.exidx* .gnu.linkonce.armexidx.*)
                0x00000fa8                __exidx_end = .

.rodata         0x00000fa8       0x68
 *(.rodata .rodata.* .gnu.linkonce.r.*)
 .rodata        0x00000fa8       0x30 .\CortexM3\ARM_GCC_541\Debug\cyfitter_cfg.o
 .rodata.str1.1
                0x00000fd8        0x2 c:/program files (x86)/cypress/psoc creator/4.4/psoc creator/import/gnu/arm/5.4.1/bin/../lib/gcc/arm-none-eabi/5.4.1/../../../../arm-none-eabi/lib/armv7-m\libg_nano.a(lib_a-impure.o)
                0x00000fdc                . = ALIGN (0x4)
 *fill*         0x00000fda        0x2 
 *(.init)
 .init          0x00000fdc        0x4 c:/program files (x86)/cypress/psoc creator/4.4/psoc creator/import/gnu/arm/5.4.1/bin/../lib/gcc/arm-none-eabi/5.4.1/armv7-m/crti.o
                0x00000fdc                _init
 .init          0x00000fe0        0x8 c:/program files (x86)/cypress/psoc creator/4.4/psoc creator/import/gnu/arm/5.4.1/bin/../lib/gcc/arm-none-eabi/5.4.1/armv7-m/crtn.o
                0x00000fe8                . = ALIGN (0x4)
                0x00000fe8                __preinit_array_start = .
 *(.preinit_array)
                0x00000fe8                __preinit_array_end = .
                0x00000fe8                . = ALIGN (0x4)
                0x00000fe8                __init_array_start = .
 *(SORT(.init_array.*))
 *(.init_array)
 .init_array    0x00000fe8        0x4 c:/program files (x86)/cypress/psoc creator/4.4/psoc creator/import/gnu/arm/5.4.1/bin/../lib/gcc/arm-none-eabi/5.4.1/armv7-m/crtbegin.o
 .init_array    0x00000fec        0x4 .\CortexM3\ARM_GCC_541\Debug\Cm3Start.o
                0x00000ff0                __init_array_end = .
                0x00000ff0                . = ALIGN (0x4)
 *(.fini)
 .fini          0x00000ff0        0x4 c:/program files (x86)/cypress/psoc creator/4.4/psoc creator/import/gnu/arm/5.4.1/bin/../lib/gcc/arm-none-eabi/5.4.1/armv7-m/crti.o
                0x00000ff0                _fini
 .fini          0x00000ff4        0x8 c:/program files (x86)/cypress/psoc creator/4.4/psoc creator/import/gnu/arm/5.4.1/bin/../lib/gcc/arm-none-eabi/5.4.1/armv7-m/crtn.o
                0x00000ffc                . = ALIGN (0x4)
                0x00000ffc                __fini_array_start = .
 *(.fini_array)
 .fini_array    0x00000ffc        0x4 c:/program files (x86)/cypress/psoc creator/4.4/psoc creator/import/gnu/arm/5.4.1/bin/../lib/gcc/arm-none-eabi/5.4.1/armv7-m/crtbegin.o
 *(SORT(.fini_array.*))
                0x00001000                __fini_array_end = .
                0x00001000                . = ALIGN (0x4)
 *crtbegin.o(.ctors)
 *(EXCLUDE_FILE(*crtend.o) .ctors)
 *(SORT(.ctors.*))
 *crtend.o(.ctors)
                0x00001000                . = ALIGN (0x4)
 *crtbegin.o(.dtors)
 *(EXCLUDE_FILE(*crtend.o) .dtors)
 *(SORT(.dtors.*))
 *crtend.o(.dtors)
                0x00001000                . = ALIGN (0x4)
                0x00001000                __cy_regions = .
                0x00001000        0x4 LONG 0x1010 __cy_region_init_ram
                0x00001004        0x4 LONG 0x1fff80c8 __cy_region_start_data
                0x00001008        0x4 LONG 0x80 __cy_region_init_size_ram
                0x0000100c        0x4 LONG 0x20 __cy_region_zero_size_ram
                0x00001010                __cy_regions_end = .
                0x00001010                . = ALIGN (0x8)
                0x00001010                _etext = .

.cy_checksum_exclude
                0x00001010        0x0
 *(.cy_checksum_exclude)

.ramvectors     0x1fff8000       0xc0
                0x1fff8000                __cy_region_start_ram = .
 *(.ramvectors)
 .ramvectors    0x1fff8000       0xc0 .\CortexM3\ARM_GCC_541\Debug\Cm3Start.o
                0x1fff8000                CyRamVectors

.noinit         0x1fff80c0        0x1
 *(.noinit)
 .noinit        0x1fff80c0        0x1 .\CortexM3\ARM_GCC_541\Debug\PROJ-H402.a(CyLib.o)
                0x1fff80c0                CyResetStatus

.data           0x1fff80c8       0x80 load address 0x00001010
                0x1fff80c8                __cy_region_start_data = .
 *(.jcr)
 .jcr           0x1fff80c8        0x0 c:/program files (x86)/cypress/psoc creator/4.4/psoc creator/import/gnu/arm/5.4.1/bin/../lib/gcc/arm-none-eabi/5.4.1/armv7-m/crtbegin.o
 .jcr           0x1fff80c8        0x4 c:/program files (x86)/cypress/psoc creator/4.4/psoc creator/import/gnu/arm/5.4.1/bin/../lib/gcc/arm-none-eabi/5.4.1/armv7-m/crtend.o
 *(.got.plt)
 *(.got)
 *(.shdata)
 *(.data .data.* .gnu.linkonce.d.*)
 .data          0x1fff80cc        0x4 .\CortexM3\ARM_GCC_541\Debug\main.o
                0x1fff80cc                servo_position
 .data          0x1fff80d0       0x10 .\CortexM3\ARM_GCC_541\Debug\PROJ-H402.a(CyLib.o)
                0x1fff80d0                cydelay_32k_ms
                0x1fff80d4                cydelay_freq_khz
                0x1fff80d8                cydelay_freq_mhz
                0x1fff80dc                cydelay_freq_hz
 .data.impure_data
                0x1fff80e0       0x60 c:/program files (x86)/cypress/psoc creator/4.4/psoc creator/import/gnu/arm/5.4.1/bin/../lib/gcc/arm-none-eabi/5.4.1/../../../../arm-none-eabi/lib/armv7-m\libg_nano.a(lib_a-impure.o)
 .data._impure_ptr
                0x1fff8140        0x4 c:/program files (x86)/cypress/psoc creator/4.4/psoc creator/import/gnu/arm/5.4.1/bin/../lib/gcc/arm-none-eabi/5.4.1/../../../../arm-none-eabi/lib/armv7-m\libg_nano.a(lib_a-impure.o)
                0x1fff8140                _impure_ptr
                0x1fff8148                . = ALIGN (0x8)
 *fill*         0x1fff8144        0x4 
 *(.ram)
                0x1fff8148                _edata = .

.igot.plt       0x1fff8148        0x0 load address 0x00001090
 .igot.plt      0x1fff8148        0x0 c:/program files (x86)/cypress/psoc creator/4.4/psoc creator/import/gnu/arm/5.4.1/bin/../lib/gcc/arm-none-eabi/5.4.1/armv7-m/crtbegin.o

.bss            0x1fff8148       0x20 load address 0x00001090
                0x1fff8148                PROVIDE (__bss_start__, .)
 *(.shbss)
 *(.bss .bss.* .gnu.linkonce.b.*)
 .bss           0x1fff8148       0x1c c:/program files (x86)/cypress/psoc creator/4.4/psoc creator/import/gnu/arm/5.4.1/bin/../lib/gcc/arm-none-eabi/5.4.1/armv7-m/crtbegin.o
 .bss           0x1fff8164        0x1 .\CortexM3\ARM_GCC_541\Debug\PROJ-H402.a(StepperMotorTimer.o)
                0x1fff8164                StepperMotorTimer_initVar
 .bss           0x1fff8165        0x1 .\CortexM3\ARM_GCC_541\Debug\PROJ-H402.a(PWM.o)
                0x1fff8165                PWM_initVar
 *(COMMON)
                0x1fff8168                . = ALIGN (0x8)
 *fill*         0x1fff8166        0x2 
 *(.ram.b)
                0x1fff8168                _end = .
                0x1fff8168                __end = .
                0x1fff8168                PROVIDE (end, .)
                0x1fff8168                PROVIDE (__bss_end__, .)
                0x00001010                __cy_region_init_ram = LOADADDR (.data)
                0x00000080                __cy_region_init_size_ram = (_edata - ADDR (.data))
                0x00000020                __cy_region_zero_size_ram = (_end - _edata)

.heap           0x1fff8168       0x80 load address 0x00001090
                0x1fff8168                . = _end
                0x1fff81e8                . = (. + 0x80)
 *fill*         0x1fff8168       0x80 
                0x1fff81e8                __cy_heap_limit = .

.stack          0x20007800      0x800
                0x20007800                __cy_stack_limit = .
                0x20008000                . = (. + 0x800)
 *fill*         0x20007800      0x800 
                0x00000001                ASSERT ((__cy_stack_limit >= __cy_heap_limit), region RAM overflowed with stack)
                0x00000000                cy_checksum_exclude_size = (CY_APPL_LOADABLE == 0x1)?SIZEOF (.cy_checksum_exclude):0x0
                0x00000001                ASSERT ((cy_checksum_exclude_size <= CY_CHECKSUM_EXCLUDE_SIZE), CY_BOOT: Section .cy_checksum_exclude size exceedes specified limit.)

.cyloadermeta
 *(.cyloadermeta)

.cyloadablemeta
 *(.cyloadablemeta)

.cyconfigecc    0x80000000      0x148
 *(.cyconfigecc)
 .cyconfigecc   0x80000000      0x148 .\CortexM3\ARM_GCC_541\Debug\cymetadata.o
                0x80000000                cy_meta_configecc

.cycustnvl      0x90000000        0x4
 *(.cycustnvl)
 .cycustnvl     0x90000000        0x4 .\CortexM3\ARM_GCC_541\Debug\cymetadata.o
                0x90000000                cy_meta_custnvl

.cywolatch      0x90100000        0x4
 *(.cywolatch)
 .cywolatch     0x90100000        0x4 .\CortexM3\ARM_GCC_541\Debug\cymetadata.o
                0x90100000                cy_meta_wonvl

.cyeeprom       0x90200000        0x0
 *(.cyeeprom)
                0x00000001                ASSERT ((. <= ((0x90200000 + ee_offset) + ee_size)), .cyeeprom data will not fit in EEPROM)

.cyflashprotect
                0x90400000      0x100
 *(.cyflashprotect)
 .cyflashprotect
                0x90400000      0x100 .\CortexM3\ARM_GCC_541\Debug\cymetadata.o
                0x90400000                cy_meta_flashprotect

.cymeta         0x90500000        0xc
 *(.cymeta)
 .cymeta        0x90500000        0xc .\CortexM3\ARM_GCC_541\Debug\cymetadata.o
                0x90500000                cy_metadata

.rel.dyn        0x00001090        0x0 load address 0x9050000c
 .rel.iplt      0x00001090        0x0 c:/program files (x86)/cypress/psoc creator/4.4/psoc creator/import/gnu/arm/5.4.1/bin/../lib/gcc/arm-none-eabi/5.4.1/armv7-m/crtbegin.o

.stab
 *(.stab)

.stabstr
 *(.stabstr)

.debug
 *(.debug)

.line
 *(.line)

.debug_srcinfo
 *(.debug_srcinfo)

.debug_sfnames
 *(.debug_sfnames)

.debug_aranges  0x00000000      0x7c8
 *(.debug_aranges)
 .debug_aranges
                0x00000000       0x40 .\CortexM3\ARM_GCC_541\Debug\main.o
 .debug_aranges
                0x00000040       0x58 .\CortexM3\ARM_GCC_541\Debug\cyfitter_cfg.o
 .debug_aranges
                0x00000098       0x18 .\CortexM3\ARM_GCC_541\Debug\cymetadata.o
 .debug_aranges
                0x000000b0       0x48 .\CortexM3\ARM_GCC_541\Debug\Cm3Start.o
 .debug_aranges
                0x000000f8      0x2a0 .\CortexM3\ARM_GCC_541\Debug\PROJ-H402.a(CyLib.o)
 .debug_aranges
                0x00000398       0x98 .\CortexM3\ARM_GCC_541\Debug\PROJ-H402.a(cyPm.o)
 .debug_aranges
                0x00000430       0x38 .\CortexM3\ARM_GCC_541\Debug\PROJ-H402.a(Pin_3.o)
 .debug_aranges
                0x00000468       0x38 .\CortexM3\ARM_GCC_541\Debug\PROJ-H402.a(Pin_2.o)
 .debug_aranges
                0x000004a0       0x38 .\CortexM3\ARM_GCC_541\Debug\PROJ-H402.a(Pin_1.o)
 .debug_aranges
                0x000004d8       0x38 .\CortexM3\ARM_GCC_541\Debug\PROJ-H402.a(Pin_4.o)
 .debug_aranges
                0x00000510       0x88 .\CortexM3\ARM_GCC_541\Debug\PROJ-H402.a(StepperMotorTimer.o)
 .debug_aranges
                0x00000598       0x98 .\CortexM3\ARM_GCC_541\Debug\PROJ-H402.a(PWM.o)
 .debug_aranges
                0x00000630       0x38 .\CortexM3\ARM_GCC_541\Debug\PROJ-H402.a(SW1.o)
 .debug_aranges
                0x00000668       0x38 .\CortexM3\ARM_GCC_541\Debug\PROJ-H402.a(SW2.o)
 .debug_aranges
                0x000006a0       0x20 .\CortexM3\ARM_GCC_541\Debug\PROJ-H402.a(CyBootAsmGnu.o)
 .debug_aranges
                0x000006c0       0x88 .\CortexM3\ARM_GCC_541\Debug\PROJ-H402.a(CyFlash.o)
 .debug_aranges
                0x00000748       0x80 .\CortexM3\ARM_GCC_541\Debug\PROJ-H402.a(CySpc.o)

.debug_pubnames
 *(.debug_pubnames)

.debug_info     0x00000000     0x440f
 *(.debug_info .gnu.linkonce.wi.*)
 .debug_info    0x00000000      0x3bb .\CortexM3\ARM_GCC_541\Debug\main.o
 .debug_info    0x000003bb      0x4ee .\CortexM3\ARM_GCC_541\Debug\cyfitter_cfg.o
 .debug_info    0x000008a9      0x135 .\CortexM3\ARM_GCC_541\Debug\cymetadata.o
 .debug_info    0x000009de      0x3bb .\CortexM3\ARM_GCC_541\Debug\Cm3Start.o
 .debug_info    0x00000d99     0x1374 .\CortexM3\ARM_GCC_541\Debug\PROJ-H402.a(CyLib.o)
 .debug_info    0x0000210d      0xa2a .\CortexM3\ARM_GCC_541\Debug\PROJ-H402.a(cyPm.o)
 .debug_info    0x00002b37      0x11f .\CortexM3\ARM_GCC_541\Debug\PROJ-H402.a(Pin_3.o)
 .debug_info    0x00002c56      0x11f .\CortexM3\ARM_GCC_541\Debug\PROJ-H402.a(Pin_2.o)
 .debug_info    0x00002d75      0x11f .\CortexM3\ARM_GCC_541\Debug\PROJ-H402.a(Pin_1.o)
 .debug_info    0x00002e94      0x11f .\CortexM3\ARM_GCC_541\Debug\PROJ-H402.a(Pin_4.o)
 .debug_info    0x00002fb3      0x295 .\CortexM3\ARM_GCC_541\Debug\PROJ-H402.a(StepperMotorTimer.o)
 .debug_info    0x00003248      0x354 .\CortexM3\ARM_GCC_541\Debug\PROJ-H402.a(PWM.o)
 .debug_info    0x0000359c      0x11f .\CortexM3\ARM_GCC_541\Debug\PROJ-H402.a(SW1.o)
 .debug_info    0x000036bb      0x11f .\CortexM3\ARM_GCC_541\Debug\PROJ-H402.a(SW2.o)
 .debug_info    0x000037da       0x98 .\CortexM3\ARM_GCC_541\Debug\PROJ-H402.a(CyBootAsmGnu.o)
 .debug_info    0x00003872      0x64d .\CortexM3\ARM_GCC_541\Debug\PROJ-H402.a(CyFlash.o)
 .debug_info    0x00003ebf      0x550 .\CortexM3\ARM_GCC_541\Debug\PROJ-H402.a(CySpc.o)

.debug_abbrev   0x00000000     0x127d
 *(.debug_abbrev)
 .debug_abbrev  0x00000000      0x136 .\CortexM3\ARM_GCC_541\Debug\main.o
 .debug_abbrev  0x00000136      0x1fe .\CortexM3\ARM_GCC_541\Debug\cyfitter_cfg.o
 .debug_abbrev  0x00000334       0x66 .\CortexM3\ARM_GCC_541\Debug\cymetadata.o
 .debug_abbrev  0x0000039a      0x1e8 .\CortexM3\ARM_GCC_541\Debug\Cm3Start.o
 .debug_abbrev  0x00000582      0x254 .\CortexM3\ARM_GCC_541\Debug\PROJ-H402.a(CyLib.o)
 .debug_abbrev  0x000007d6      0x1ab .\CortexM3\ARM_GCC_541\Debug\PROJ-H402.a(cyPm.o)
 .debug_abbrev  0x00000981       0x90 .\CortexM3\ARM_GCC_541\Debug\PROJ-H402.a(Pin_3.o)
 .debug_abbrev  0x00000a11       0x90 .\CortexM3\ARM_GCC_541\Debug\PROJ-H402.a(Pin_2.o)
 .debug_abbrev  0x00000aa1       0x90 .\CortexM3\ARM_GCC_541\Debug\PROJ-H402.a(Pin_1.o)
 .debug_abbrev  0x00000b31       0x90 .\CortexM3\ARM_GCC_541\Debug\PROJ-H402.a(Pin_4.o)
 .debug_abbrev  0x00000bc1      0x11a .\CortexM3\ARM_GCC_541\Debug\PROJ-H402.a(StepperMotorTimer.o)
 .debug_abbrev  0x00000cdb      0x133 .\CortexM3\ARM_GCC_541\Debug\PROJ-H402.a(PWM.o)
 .debug_abbrev  0x00000e0e       0x90 .\CortexM3\ARM_GCC_541\Debug\PROJ-H402.a(SW1.o)
 .debug_abbrev  0x00000e9e       0x90 .\CortexM3\ARM_GCC_541\Debug\PROJ-H402.a(SW2.o)
 .debug_abbrev  0x00000f2e       0x14 .\CortexM3\ARM_GCC_541\Debug\PROJ-H402.a(CyBootAsmGnu.o)
 .debug_abbrev  0x00000f42      0x1a7 .\CortexM3\ARM_GCC_541\Debug\PROJ-H402.a(CyFlash.o)
 .debug_abbrev  0x000010e9      0x194 .\CortexM3\ARM_GCC_541\Debug\PROJ-H402.a(CySpc.o)

.debug_line     0x00000000     0x1e36
 *(.debug_line)
 .debug_line    0x00000000      0x23f .\CortexM3\ARM_GCC_541\Debug\main.o
 .debug_line    0x0000023f      0x1d8 .\CortexM3\ARM_GCC_541\Debug\cyfitter_cfg.o
 .debug_line    0x00000417      0x141 .\CortexM3\ARM_GCC_541\Debug\cymetadata.o
 .debug_line    0x00000558      0x234 .\CortexM3\ARM_GCC_541\Debug\Cm3Start.o
 .debug_line    0x0000078c      0x816 .\CortexM3\ARM_GCC_541\Debug\PROJ-H402.a(CyLib.o)
 .debug_line    0x00000fa2      0x367 .\CortexM3\ARM_GCC_541\Debug\PROJ-H402.a(cyPm.o)
 .debug_line    0x00001309       0x92 .\CortexM3\ARM_GCC_541\Debug\PROJ-H402.a(Pin_3.o)
 .debug_line    0x0000139b       0x92 .\CortexM3\ARM_GCC_541\Debug\PROJ-H402.a(Pin_2.o)
 .debug_line    0x0000142d       0x92 .\CortexM3\ARM_GCC_541\Debug\PROJ-H402.a(Pin_1.o)
 .debug_line    0x000014bf       0x92 .\CortexM3\ARM_GCC_541\Debug\PROJ-H402.a(Pin_4.o)
 .debug_line    0x00001551      0x15f .\CortexM3\ARM_GCC_541\Debug\PROJ-H402.a(StepperMotorTimer.o)
 .debug_line    0x000016b0      0x186 .\CortexM3\ARM_GCC_541\Debug\PROJ-H402.a(PWM.o)
 .debug_line    0x00001836       0x90 .\CortexM3\ARM_GCC_541\Debug\PROJ-H402.a(SW1.o)
 .debug_line    0x000018c6       0x90 .\CortexM3\ARM_GCC_541\Debug\PROJ-H402.a(SW2.o)
 .debug_line    0x00001956       0x66 .\CortexM3\ARM_GCC_541\Debug\PROJ-H402.a(CyBootAsmGnu.o)
 .debug_line    0x000019bc      0x21a .\CortexM3\ARM_GCC_541\Debug\PROJ-H402.a(CyFlash.o)
 .debug_line    0x00001bd6      0x260 .\CortexM3\ARM_GCC_541\Debug\PROJ-H402.a(CySpc.o)

.debug_frame    0x00000000     0x1358
 *(.debug_frame)
 .debug_frame   0x00000000       0xa0 .\CortexM3\ARM_GCC_541\Debug\main.o
 .debug_frame   0x000000a0       0xe4 .\CortexM3\ARM_GCC_541\Debug\cyfitter_cfg.o
 .debug_frame   0x00000184       0xb8 .\CortexM3\ARM_GCC_541\Debug\Cm3Start.o
 .debug_frame   0x0000023c      0x738 .\CortexM3\ARM_GCC_541\Debug\PROJ-H402.a(CyLib.o)
 .debug_frame   0x00000974      0x1f8 .\CortexM3\ARM_GCC_541\Debug\PROJ-H402.a(cyPm.o)
 .debug_frame   0x00000b6c       0x50 .\CortexM3\ARM_GCC_541\Debug\PROJ-H402.a(Pin_3.o)
 .debug_frame   0x00000bbc       0x50 .\CortexM3\ARM_GCC_541\Debug\PROJ-H402.a(Pin_2.o)
 .debug_frame   0x00000c0c       0x50 .\CortexM3\ARM_GCC_541\Debug\PROJ-H402.a(Pin_1.o)
 .debug_frame   0x00000c5c       0x50 .\CortexM3\ARM_GCC_541\Debug\PROJ-H402.a(Pin_4.o)
 .debug_frame   0x00000cac      0x108 .\CortexM3\ARM_GCC_541\Debug\PROJ-H402.a(StepperMotorTimer.o)
 .debug_frame   0x00000db4      0x134 .\CortexM3\ARM_GCC_541\Debug\PROJ-H402.a(PWM.o)
 .debug_frame   0x00000ee8       0x50 .\CortexM3\ARM_GCC_541\Debug\PROJ-H402.a(SW1.o)
 .debug_frame   0x00000f38       0x50 .\CortexM3\ARM_GCC_541\Debug\PROJ-H402.a(SW2.o)
 .debug_frame   0x00000f88      0x194 .\CortexM3\ARM_GCC_541\Debug\PROJ-H402.a(CyFlash.o)
 .debug_frame   0x0000111c      0x180 .\CortexM3\ARM_GCC_541\Debug\PROJ-H402.a(CySpc.o)
 .debug_frame   0x0000129c       0x20 c:/program files (x86)/cypress/psoc creator/4.4/psoc creator/import/gnu/arm/5.4.1/bin/../lib/gcc/arm-none-eabi/5.4.1/../../../../arm-none-eabi/lib/armv7-m\libg_nano.a(lib_a-errno.o)
 .debug_frame   0x000012bc       0x28 c:/program files (x86)/cypress/psoc creator/4.4/psoc creator/import/gnu/arm/5.4.1/bin/../lib/gcc/arm-none-eabi/5.4.1/../../../../arm-none-eabi/lib/armv7-m\libg_nano.a(lib_a-exit.o)
 .debug_frame   0x000012e4       0x2c c:/program files (x86)/cypress/psoc creator/4.4/psoc creator/import/gnu/arm/5.4.1/bin/../lib/gcc/arm-none-eabi/5.4.1/../../../../arm-none-eabi/lib/armv7-m\libg_nano.a(lib_a-init.o)
 .debug_frame   0x00001310       0x28 c:/program files (x86)/cypress/psoc creator/4.4/psoc creator/import/gnu/arm/5.4.1/bin/../lib/gcc/arm-none-eabi/5.4.1/../../../../arm-none-eabi/lib/armv7-m\libg_nano.a(lib_a-memcpy-stub.o)
 .debug_frame   0x00001338       0x20 c:/program files (x86)/cypress/psoc creator/4.4/psoc creator/import/gnu/arm/5.4.1/bin/../lib/gcc/arm-none-eabi/5.4.1/../../../../arm-none-eabi/lib/armv7-m\libg_nano.a(lib_a-memset.o)

.debug_str      0x00000000     0x18a3
 *(.debug_str)
 .debug_str     0x00000000      0x26a .\CortexM3\ARM_GCC_541\Debug\main.o
                                0x2c1 (size before relaxing)
 .debug_str     0x0000026a      0x181 .\CortexM3\ARM_GCC_541\Debug\cyfitter_cfg.o
                                0x317 (size before relaxing)
 .debug_str     0x000003eb       0x7f .\CortexM3\ARM_GCC_541\Debug\cymetadata.o
                                0x1ec (size before relaxing)
 .debug_str     0x0000046a      0x144 .\CortexM3\ARM_GCC_541\Debug\Cm3Start.o
                                0x312 (size before relaxing)
 .debug_str     0x000005ae      0x83d .\CortexM3\ARM_GCC_541\Debug\PROJ-H402.a(CyLib.o)
                                0xa4f (size before relaxing)
 .debug_str     0x00000deb      0x365 .\CortexM3\ARM_GCC_541\Debug\PROJ-H402.a(cyPm.o)
                                0x73b (size before relaxing)
 .debug_str     0x00001150       0x5a .\CortexM3\ARM_GCC_541\Debug\PROJ-H402.a(Pin_3.o)
                                0x1ea (size before relaxing)
 .debug_str     0x000011aa       0x4f .\CortexM3\ARM_GCC_541\Debug\PROJ-H402.a(Pin_2.o)
                                0x1ea (size before relaxing)
 .debug_str     0x000011f9       0x4f .\CortexM3\ARM_GCC_541\Debug\PROJ-H402.a(Pin_1.o)
                                0x1ea (size before relaxing)
 .debug_str     0x00001248       0x4f .\CortexM3\ARM_GCC_541\Debug\PROJ-H402.a(Pin_4.o)
                                0x1ea (size before relaxing)
 .debug_str     0x00001297      0x1dd .\CortexM3\ARM_GCC_541\Debug\PROJ-H402.a(StepperMotorTimer.o)
                                0x3bd (size before relaxing)
 .debug_str     0x00001474      0x138 .\CortexM3\ARM_GCC_541\Debug\PROJ-H402.a(PWM.o)
                                0x340 (size before relaxing)
 .debug_str     0x000015ac       0x48 .\CortexM3\ARM_GCC_541\Debug\PROJ-H402.a(SW1.o)
                                0x1e0 (size before relaxing)
 .debug_str     0x000015f4       0x48 .\CortexM3\ARM_GCC_541\Debug\PROJ-H402.a(SW2.o)
                                0x1e0 (size before relaxing)
 .debug_str     0x0000163c      0x1bb .\CortexM3\ARM_GCC_541\Debug\PROJ-H402.a(CyFlash.o)
                                0x3c8 (size before relaxing)
 .debug_str     0x000017f7       0xac .\CortexM3\ARM_GCC_541\Debug\PROJ-H402.a(CySpc.o)
                                0x340 (size before relaxing)

.debug_loc      0x00000000     0x1c86
 *(.debug_loc)
 .debug_loc     0x00000000      0x10d .\CortexM3\ARM_GCC_541\Debug\main.o
 .debug_loc     0x0000010d      0x1d7 .\CortexM3\ARM_GCC_541\Debug\cyfitter_cfg.o
 .debug_loc     0x000002e4      0x144 .\CortexM3\ARM_GCC_541\Debug\Cm3Start.o
 .debug_loc     0x00000428      0xa11 .\CortexM3\ARM_GCC_541\Debug\PROJ-H402.a(CyLib.o)
 .debug_loc     0x00000e39      0x1e4 .\CortexM3\ARM_GCC_541\Debug\PROJ-H402.a(cyPm.o)
 .debug_loc     0x0000101d       0x42 .\CortexM3\ARM_GCC_541\Debug\PROJ-H402.a(Pin_3.o)
 .debug_loc     0x0000105f       0x42 .\CortexM3\ARM_GCC_541\Debug\PROJ-H402.a(Pin_2.o)
 .debug_loc     0x000010a1       0x42 .\CortexM3\ARM_GCC_541\Debug\PROJ-H402.a(Pin_1.o)
 .debug_loc     0x000010e3       0x42 .\CortexM3\ARM_GCC_541\Debug\PROJ-H402.a(Pin_4.o)
 .debug_loc     0x00001125       0x26 .\CortexM3\ARM_GCC_541\Debug\PROJ-H402.a(PWM.o)
 .debug_loc     0x0000114b       0x42 .\CortexM3\ARM_GCC_541\Debug\PROJ-H402.a(SW1.o)
 .debug_loc     0x0000118d       0x42 .\CortexM3\ARM_GCC_541\Debug\PROJ-H402.a(SW2.o)
 .debug_loc     0x000011cf      0x3b2 .\CortexM3\ARM_GCC_541\Debug\PROJ-H402.a(CyFlash.o)
 .debug_loc     0x00001581      0x705 .\CortexM3\ARM_GCC_541\Debug\PROJ-H402.a(CySpc.o)

.debug_macinfo
 *(.debug_macinfo)

.debug_ranges   0x00000000      0x6a0
 *(.debug_ranges)
 .debug_ranges  0x00000000       0x30 .\CortexM3\ARM_GCC_541\Debug\main.o
 .debug_ranges  0x00000030       0x48 .\CortexM3\ARM_GCC_541\Debug\cyfitter_cfg.o
 .debug_ranges  0x00000078       0x38 .\CortexM3\ARM_GCC_541\Debug\Cm3Start.o
 .debug_ranges  0x000000b0      0x290 .\CortexM3\ARM_GCC_541\Debug\PROJ-H402.a(CyLib.o)
 .debug_ranges  0x00000340       0x88 .\CortexM3\ARM_GCC_541\Debug\PROJ-H402.a(cyPm.o)
 .debug_ranges  0x000003c8       0x28 .\CortexM3\ARM_GCC_541\Debug\PROJ-H402.a(Pin_3.o)
 .debug_ranges  0x000003f0       0x28 .\CortexM3\ARM_GCC_541\Debug\PROJ-H402.a(Pin_2.o)
 .debug_ranges  0x00000418       0x28 .\CortexM3\ARM_GCC_541\Debug\PROJ-H402.a(Pin_1.o)
 .debug_ranges  0x00000440       0x28 .\CortexM3\ARM_GCC_541\Debug\PROJ-H402.a(Pin_4.o)
 .debug_ranges  0x00000468       0x78 .\CortexM3\ARM_GCC_541\Debug\PROJ-H402.a(StepperMotorTimer.o)
 .debug_ranges  0x000004e0       0x88 .\CortexM3\ARM_GCC_541\Debug\PROJ-H402.a(PWM.o)
 .debug_ranges  0x00000568       0x28 .\CortexM3\ARM_GCC_541\Debug\PROJ-H402.a(SW1.o)
 .debug_ranges  0x00000590       0x28 .\CortexM3\ARM_GCC_541\Debug\PROJ-H402.a(SW2.o)
 .debug_ranges  0x000005b8       0x78 .\CortexM3\ARM_GCC_541\Debug\PROJ-H402.a(CyFlash.o)
 .debug_ranges  0x00000630       0x70 .\CortexM3\ARM_GCC_541\Debug\PROJ-H402.a(CySpc.o)

.comment        0x00000000       0x6e
 .comment       0x00000000       0x6e .\CortexM3\ARM_GCC_541\Debug\main.o
                                 0x6f (size before relaxing)
 .comment       0x0000006e       0x6f .\CortexM3\ARM_GCC_541\Debug\cyfitter_cfg.o
 .comment       0x0000006e       0x6f .\CortexM3\ARM_GCC_541\Debug\cymetadata.o
 .comment       0x0000006e       0x6f .\CortexM3\ARM_GCC_541\Debug\Cm3Start.o
 .comment       0x0000006e       0x6f .\CortexM3\ARM_GCC_541\Debug\PROJ-H402.a(CyLib.o)
 .comment       0x0000006e       0x6f .\CortexM3\ARM_GCC_541\Debug\PROJ-H402.a(cyPm.o)
 .comment       0x0000006e       0x6f .\CortexM3\ARM_GCC_541\Debug\PROJ-H402.a(Pin_3.o)
 .comment       0x0000006e       0x6f .\CortexM3\ARM_GCC_541\Debug\PROJ-H402.a(Pin_2.o)
 .comment       0x0000006e       0x6f .\CortexM3\ARM_GCC_541\Debug\PROJ-H402.a(Pin_1.o)
 .comment       0x0000006e       0x6f .\CortexM3\ARM_GCC_541\Debug\PROJ-H402.a(Pin_4.o)
 .comment       0x0000006e       0x6f .\CortexM3\ARM_GCC_541\Debug\PROJ-H402.a(StepperMotorTimer.o)
 .comment       0x0000006e       0x6f .\CortexM3\ARM_GCC_541\Debug\PROJ-H402.a(PWM.o)
 .comment       0x0000006e       0x6f .\CortexM3\ARM_GCC_541\Debug\PROJ-H402.a(SW1.o)
 .comment       0x0000006e       0x6f .\CortexM3\ARM_GCC_541\Debug\PROJ-H402.a(SW2.o)
 .comment       0x0000006e       0x6f .\CortexM3\ARM_GCC_541\Debug\PROJ-H402.a(CyFlash.o)
 .comment       0x0000006e       0x6f .\CortexM3\ARM_GCC_541\Debug\PROJ-H402.a(CySpc.o)

.debug_weaknames
 *(.debug_weaknames)

.debug_funcnames
 *(.debug_funcnames)

.debug_typenames
 *(.debug_typenames)

.debug_varnames
 *(.debug_varnames)

.note.gnu.arm.ident
 *(.note.gnu.arm.ident)

.ARM.attributes
                0x00000000       0x29
 *(.ARM.attributes)
 .ARM.attributes
                0x00000000       0x1d c:/program files (x86)/cypress/psoc creator/4.4/psoc creator/import/gnu/arm/5.4.1/bin/../lib/gcc/arm-none-eabi/5.4.1/armv7-m/crti.o
 .ARM.attributes
                0x0000001d       0x2d c:/program files (x86)/cypress/psoc creator/4.4/psoc creator/import/gnu/arm/5.4.1/bin/../lib/gcc/arm-none-eabi/5.4.1/armv7-m/crtbegin.o
 .ARM.attributes
                0x0000004a       0x1b c:/program files (x86)/cypress/psoc creator/4.4/psoc creator/import/gnu/arm/5.4.1/bin/../lib/gcc/arm-none-eabi/5.4.1/../../../../arm-none-eabi/lib/armv7-m/crt0.o
 .ARM.attributes
                0x00000065       0x33 .\CortexM3\ARM_GCC_541\Debug\main.o
 .ARM.attributes
                0x00000098       0x33 .\CortexM3\ARM_GCC_541\Debug\cyfitter_cfg.o
 .ARM.attributes
                0x000000cb       0x33 .\CortexM3\ARM_GCC_541\Debug\cymetadata.o
 .ARM.attributes
                0x000000fe       0x33 .\CortexM3\ARM_GCC_541\Debug\Cm3Start.o
 .ARM.attributes
                0x00000131       0x33 .\CortexM3\ARM_GCC_541\Debug\PROJ-H402.a(CyLib.o)
 .ARM.attributes
                0x00000164       0x33 .\CortexM3\ARM_GCC_541\Debug\PROJ-H402.a(cyPm.o)
 .ARM.attributes
                0x00000197       0x33 .\CortexM3\ARM_GCC_541\Debug\PROJ-H402.a(Pin_3.o)
 .ARM.attributes
                0x000001ca       0x33 .\CortexM3\ARM_GCC_541\Debug\PROJ-H402.a(Pin_2.o)
 .ARM.attributes
                0x000001fd       0x33 .\CortexM3\ARM_GCC_541\Debug\PROJ-H402.a(Pin_1.o)
 .ARM.attributes
                0x00000230       0x33 .\CortexM3\ARM_GCC_541\Debug\PROJ-H402.a(Pin_4.o)
 .ARM.attributes
                0x00000263       0x33 .\CortexM3\ARM_GCC_541\Debug\PROJ-H402.a(StepperMotorTimer.o)
 .ARM.attributes
                0x00000296       0x33 .\CortexM3\ARM_GCC_541\Debug\PROJ-H402.a(PWM.o)
 .ARM.attributes
                0x000002c9       0x33 .\CortexM3\ARM_GCC_541\Debug\PROJ-H402.a(SW1.o)
 .ARM.attributes
                0x000002fc       0x33 .\CortexM3\ARM_GCC_541\Debug\PROJ-H402.a(SW2.o)
 .ARM.attributes
                0x0000032f       0x21 .\CortexM3\ARM_GCC_541\Debug\PROJ-H402.a(CyBootAsmGnu.o)
 .ARM.attributes
                0x00000350       0x33 .\CortexM3\ARM_GCC_541\Debug\PROJ-H402.a(CyFlash.o)
 .ARM.attributes
                0x00000383       0x33 .\CortexM3\ARM_GCC_541\Debug\PROJ-H402.a(CySpc.o)
 .ARM.attributes
                0x000003b6       0x1d c:/program files (x86)/cypress/psoc creator/4.4/psoc creator/import/gnu/arm/5.4.1/bin/../lib/gcc/arm-none-eabi/5.4.1/armv7-m\libgcc.a(_arm_addsubdf3.o)
 .ARM.attributes
                0x000003d3       0x1d c:/program files (x86)/cypress/psoc creator/4.4/psoc creator/import/gnu/arm/5.4.1/bin/../lib/gcc/arm-none-eabi/5.4.1/armv7-m\libgcc.a(_arm_muldivdf3.o)
 .ARM.attributes
                0x000003f0       0x1d c:/program files (x86)/cypress/psoc creator/4.4/psoc creator/import/gnu/arm/5.4.1/bin/../lib/gcc/arm-none-eabi/5.4.1/armv7-m\libgcc.a(_arm_fixdfsi.o)
 .ARM.attributes
                0x0000040d       0x2d c:/program files (x86)/cypress/psoc creator/4.4/psoc creator/import/gnu/arm/5.4.1/bin/../lib/gcc/arm-none-eabi/5.4.1/../../../../arm-none-eabi/lib/armv7-m\libg_nano.a(lib_a-errno.o)
 .ARM.attributes
                0x0000043a       0x2d c:/program files (x86)/cypress/psoc creator/4.4/psoc creator/import/gnu/arm/5.4.1/bin/../lib/gcc/arm-none-eabi/5.4.1/../../../../arm-none-eabi/lib/armv7-m\libg_nano.a(lib_a-exit.o)
 .ARM.attributes
                0x00000467       0x2d c:/program files (x86)/cypress/psoc creator/4.4/psoc creator/import/gnu/arm/5.4.1/bin/../lib/gcc/arm-none-eabi/5.4.1/../../../../arm-none-eabi/lib/armv7-m\libg_nano.a(lib_a-impure.o)
 .ARM.attributes
                0x00000494       0x2d c:/program files (x86)/cypress/psoc creator/4.4/psoc creator/import/gnu/arm/5.4.1/bin/../lib/gcc/arm-none-eabi/5.4.1/../../../../arm-none-eabi/lib/armv7-m\libg_nano.a(lib_a-init.o)
 .ARM.attributes
                0x000004c1       0x2d c:/program files (x86)/cypress/psoc creator/4.4/psoc creator/import/gnu/arm/5.4.1/bin/../lib/gcc/arm-none-eabi/5.4.1/../../../../arm-none-eabi/lib/armv7-m\libg_nano.a(lib_a-memcpy-stub.o)
 .ARM.attributes
                0x000004ee       0x2d c:/program files (x86)/cypress/psoc creator/4.4/psoc creator/import/gnu/arm/5.4.1/bin/../lib/gcc/arm-none-eabi/5.4.1/../../../../arm-none-eabi/lib/armv7-m\libg_nano.a(lib_a-memset.o)
 .ARM.attributes
                0x0000051b       0x2d c:/program files (x86)/cypress/psoc creator/4.4/psoc creator/import/gnu/arm/5.4.1/bin/../lib/gcc/arm-none-eabi/5.4.1/armv7-m/crtend.o
 .ARM.attributes
                0x00000548       0x1d c:/program files (x86)/cypress/psoc creator/4.4/psoc creator/import/gnu/arm/5.4.1/bin/../lib/gcc/arm-none-eabi/5.4.1/armv7-m/crtn.o

/DISCARD/
 *(.note.GNU-stack)
OUTPUT(C:\Users\Haythem\Documents\ULB\PROJ-H402\Code\Workspace01\PROJ-H402.cydsn\CortexM3\ARM_GCC_541\Debug\PROJ-H402.elf elf32-littlearm)
